Archive member included to satisfy reference by file (symbol)

C:/ST/STM32CubeIDE_2.1.1/STM32CubeIDE/plugins/com.st.stm32cube.ide.mcu.externaltools.gnu-tools-for-stm32.14.3.rel1.win32_1.0.100.202602081740/tools/bin/../lib/gcc/arm-none-eabi/14.3.1/../../../../arm-none-eabi/lib/thumb/v7-m/nofp\libc_nano.a(libc_a-exit.o)
                              C:/ST/STM32CubeIDE_2.1.1/STM32CubeIDE/plugins/com.st.stm32cube.ide.mcu.externaltools.gnu-tools-for-stm32.14.3.rel1.win32_1.0.100.202602081740/tools/bin/../lib/gcc/arm-none-eabi/14.3.1/../../../../arm-none-eabi/lib/thumb/v7-m/nofp/crt0.o (exit)
C:/ST/STM32CubeIDE_2.1.1/STM32CubeIDE/plugins/com.st.stm32cube.ide.mcu.externaltools.gnu-tools-for-stm32.14.3.rel1.win32_1.0.100.202602081740/tools/bin/../lib/gcc/arm-none-eabi/14.3.1/../../../../arm-none-eabi/lib/thumb/v7-m/nofp\libc_nano.a(libc_a-findfp.o)
                              C:/ST/STM32CubeIDE_2.1.1/STM32CubeIDE/plugins/com.st.stm32cube.ide.mcu.externaltools.gnu-tools-for-stm32.14.3.rel1.win32_1.0.100.202602081740/tools/bin/../lib/gcc/arm-none-eabi/14.3.1/../../../../arm-none-eabi/lib/thumb/v7-m/nofp\libc_nano.a(libc_a-exit.o) (__stdio_exit_handler)
C:/ST/STM32CubeIDE_2.1.1/STM32CubeIDE/plugins/com.st.stm32cube.ide.mcu.externaltools.gnu-tools-for-stm32.14.3.rel1.win32_1.0.100.202602081740/tools/bin/../lib/gcc/arm-none-eabi/14.3.1/../../../../arm-none-eabi/lib/thumb/v7-m/nofp\libc_nano.a(libc_a-fwalk.o)
                              C:/ST/STM32CubeIDE_2.1.1/STM32CubeIDE/plugins/com.st.stm32cube.ide.mcu.externaltools.gnu-tools-for-stm32.14.3.rel1.win32_1.0.100.202602081740/tools/bin/../lib/gcc/arm-none-eabi/14.3.1/../../../../arm-none-eabi/lib/thumb/v7-m/nofp\libc_nano.a(libc_a-findfp.o) (_fwalk_sglue)
C:/ST/STM32CubeIDE_2.1.1/STM32CubeIDE/plugins/com.st.stm32cube.ide.mcu.externaltools.gnu-tools-for-stm32.14.3.rel1.win32_1.0.100.202602081740/tools/bin/../lib/gcc/arm-none-eabi/14.3.1/../../../../arm-none-eabi/lib/thumb/v7-m/nofp\libc_nano.a(libc_a-stdio.o)
                              C:/ST/STM32CubeIDE_2.1.1/STM32CubeIDE/plugins/com.st.stm32cube.ide.mcu.externaltools.gnu-tools-for-stm32.14.3.rel1.win32_1.0.100.202602081740/tools/bin/../lib/gcc/arm-none-eabi/14.3.1/../../../../arm-none-eabi/lib/thumb/v7-m/nofp\libc_nano.a(libc_a-findfp.o) (__sread)
C:/ST/STM32CubeIDE_2.1.1/STM32CubeIDE/plugins/com.st.stm32cube.ide.mcu.externaltools.gnu-tools-for-stm32.14.3.rel1.win32_1.0.100.202602081740/tools/bin/../lib/gcc/arm-none-eabi/14.3.1/../../../../arm-none-eabi/lib/thumb/v7-m/nofp\libc_nano.a(libc_a-memset.o)
                              C:/ST/STM32CubeIDE_2.1.1/STM32CubeIDE/plugins/com.st.stm32cube.ide.mcu.externaltools.gnu-tools-for-stm32.14.3.rel1.win32_1.0.100.202602081740/tools/bin/../lib/gcc/arm-none-eabi/14.3.1/../../../../arm-none-eabi/lib/thumb/v7-m/nofp/crt0.o (memset)
C:/ST/STM32CubeIDE_2.1.1/STM32CubeIDE/plugins/com.st.stm32cube.ide.mcu.externaltools.gnu-tools-for-stm32.14.3.rel1.win32_1.0.100.202602081740/tools/bin/../lib/gcc/arm-none-eabi/14.3.1/../../../../arm-none-eabi/lib/thumb/v7-m/nofp\libc_nano.a(libc_a-closer.o)
                              C:/ST/STM32CubeIDE_2.1.1/STM32CubeIDE/plugins/com.st.stm32cube.ide.mcu.externaltools.gnu-tools-for-stm32.14.3.rel1.win32_1.0.100.202602081740/tools/bin/../lib/gcc/arm-none-eabi/14.3.1/../../../../arm-none-eabi/lib/thumb/v7-m/nofp\libc_nano.a(libc_a-stdio.o) (_close_r)
C:/ST/STM32CubeIDE_2.1.1/STM32CubeIDE/plugins/com.st.stm32cube.ide.mcu.externaltools.gnu-tools-for-stm32.14.3.rel1.win32_1.0.100.202602081740/tools/bin/../lib/gcc/arm-none-eabi/14.3.1/../../../../arm-none-eabi/lib/thumb/v7-m/nofp\libc_nano.a(libc_a-reent.o)
                              C:/ST/STM32CubeIDE_2.1.1/STM32CubeIDE/plugins/com.st.stm32cube.ide.mcu.externaltools.gnu-tools-for-stm32.14.3.rel1.win32_1.0.100.202602081740/tools/bin/../lib/gcc/arm-none-eabi/14.3.1/../../../../arm-none-eabi/lib/thumb/v7-m/nofp\libc_nano.a(libc_a-closer.o) (errno)
C:/ST/STM32CubeIDE_2.1.1/STM32CubeIDE/plugins/com.st.stm32cube.ide.mcu.externaltools.gnu-tools-for-stm32.14.3.rel1.win32_1.0.100.202602081740/tools/bin/../lib/gcc/arm-none-eabi/14.3.1/../../../../arm-none-eabi/lib/thumb/v7-m/nofp\libc_nano.a(libc_a-impure.o)
                              C:/ST/STM32CubeIDE_2.1.1/STM32CubeIDE/plugins/com.st.stm32cube.ide.mcu.externaltools.gnu-tools-for-stm32.14.3.rel1.win32_1.0.100.202602081740/tools/bin/../lib/gcc/arm-none-eabi/14.3.1/../../../../arm-none-eabi/lib/thumb/v7-m/nofp\libc_nano.a(libc_a-reent.o) (_impure_ptr)
C:/ST/STM32CubeIDE_2.1.1/STM32CubeIDE/plugins/com.st.stm32cube.ide.mcu.externaltools.gnu-tools-for-stm32.14.3.rel1.win32_1.0.100.202602081740/tools/bin/../lib/gcc/arm-none-eabi/14.3.1/../../../../arm-none-eabi/lib/thumb/v7-m/nofp\libc_nano.a(libc_a-lseekr.o)
[...]
Memory Configuration

Name             Origin             Length             Attributes
RAM              0x20000000         0x00005000         xrw
FLASH            0x08000000         0x00010000         xr
*default*        0x00000000         0xffffffff

Linker script and memory map

LOAD C:/ST/STM32CubeIDE_2.1.1/STM32CubeIDE/plugins/com.st.stm32cube.ide.mcu.externaltools.gnu-tools-for-stm32.14.3.rel1.win32_1.0.100.202602081740/tools/bin/../lib/gcc/arm-none-eabi/14.3.1/thumb/v7-m/nofp/crti.o
LOAD C:/ST/STM32CubeIDE_2.1.1/STM32CubeIDE/plugins/com.st.stm32cube.ide.mcu.externaltools.gnu-tools-for-stm32.14.3.rel1.win32_1.0.100.202602081740/tools/bin/../lib/gcc/arm-none-eabi/14.3.1/thumb/v7-m/nofp/crtbegin.o
LOAD C:/ST/STM32CubeIDE_2.1.1/STM32CubeIDE/plugins/com.st.stm32cube.ide.mcu.externaltools.gnu-tools-for-stm32.14.3.rel1.win32_1.0.100.202602081740/tools/bin/../lib/gcc/arm-none-eabi/14.3.1/../../../../arm-none-eabi/lib/thumb/v7-m/nofp/crt0.o
LOAD ./Core/Src/Eeprom.o
LOAD ./Core/Src/HD44780.o
LOAD ./Core/Src/adc.o
LOAD ./Core/Src/dma.o
LOAD ./Core/Src/gpio.o
LOAD ./Core/Src/main.o
LOAD ./Core/Src/spi.o
LOAD ./Core/Src/stm32f1xx_hal_msp.o
LOAD ./Core/Src/stm32f1xx_it.o
LOAD ./Core/Src/syscalls.o
LOAD ./Core/Src/sysmem.o
LOAD ./Core/Src/system_stm32f1xx.o
LOAD ./Core/Src/tim.o
LOAD ./Core/Startup/startup_stm32f103c8tx.o
LOAD ./Drivers/STM32F1xx_HAL_Driver/Src/stm32f1xx_hal.o
LOAD ./Drivers/STM32F1xx_HAL_Driver/Src/stm32f1xx_hal_adc.o
LOAD ./Drivers/STM32F1xx_HAL_Driver/Src/stm32f1xx_hal_adc_ex.o
LOAD ./Drivers/STM32F1xx_HAL_Driver/Src/stm32f1xx_hal_cortex.o
LOAD ./Drivers/STM32F1xx_HAL_Driver/Src/stm32f1xx_hal_dma.o
LOAD ./Drivers/STM32F1xx_HAL_Driver/Src/stm32f1xx_hal_exti.o
LOAD ./Drivers/STM32F1xx_HAL_Driver/Src/stm32f1xx_hal_flash.o
LOAD ./Drivers/STM32F1xx_HAL_Driver/Src/stm32f1xx_hal_flash_ex.o
LOAD ./Drivers/STM32F1xx_HAL_Driver/Src/stm32f1xx_hal_gpio.o
LOAD ./Drivers/STM32F1xx_HAL_Driver/Src/stm32f1xx_hal_gpio_ex.o
LOAD ./Drivers/STM32F1xx_HAL_Driver/Src/stm32f1xx_hal_pwr.o
LOAD ./Drivers/STM32F1xx_HAL_Driver/Src/stm32f1xx_hal_rcc.o
LOAD ./Drivers/STM32F1xx_HAL_Driver/Src/stm32f1xx_hal_rcc_ex.o
LOAD ./Drivers/STM32F1xx_HAL_Driver/Src/stm32f1xx_hal_spi.o
LOAD ./Drivers/STM32F1xx_HAL_Driver/Src/stm32f1xx_ll_dma.o
LOAD ./Drivers/STM32F1xx_HAL_Driver/Src/stm32f1xx_ll_exti.o
LOAD ./Drivers/STM32F1xx_HAL_Driver/Src/stm32f1xx_ll_gpio.o
LOAD ./Drivers/STM32F1xx_HAL_Driver/Src/stm32f1xx_ll_rcc.o
LOAD ./Drivers/STM32F1xx_HAL_Driver/Src/stm32f1xx_ll_tim.o
LOAD ./Drivers/STM32F1xx_HAL_Driver/Src/stm32f1xx_ll_utils.o
START GROUP
LOAD C:/ST/STM32CubeIDE_2.1.1/STM32CubeIDE/plugins/com.st.stm32cube.ide.mcu.externaltools.gnu-tools-for-stm32.14.3.rel1.win32_1.0.100.202602081740/tools/bin/../lib/gcc/arm-none-eabi/14.3.1/../../../../arm-none-eabi/lib/thumb/v7-m/nofp\libc_nano.a
LOAD C:/ST/STM32CubeIDE_2.1.1/STM32CubeIDE/plugins/com.st.stm32cube.ide.mcu.externaltools.gnu-tools-for-stm32.14.3.rel1.win32_1.0.100.202602081740/tools/bin/../lib/gcc/arm-none-eabi/14.3.1/../../../../arm-none-eabi/lib/thumb/v7-m/nofp\libm.a
END GROUP
START GROUP
LOAD C:/ST/STM32CubeIDE_2.1.1/STM32CubeIDE/plugins/com.st.stm32cube.ide.mcu.externaltools.gnu-tools-for-stm32.14.3.rel1.win32_1.0.100.202602081740/tools/bin/../lib/gcc/arm-none-eabi/14.3.1/thumb/v7-m/nofp\libgcc.a
LOAD C:/ST/STM32CubeIDE_2.1.1/STM32CubeIDE/plugins/com.st.stm32cube.ide.mcu.externaltools.gnu-tools-for-stm32.14.3.rel1.win32_1.0.100.202602081740/tools/bin/../lib/gcc/arm-none-eabi/14.3.1/../../../../arm-none-eabi/lib/thumb/v7-m/nofp\libc_nano.a
END GROUP
START GROUP
LOAD C:/ST/STM32CubeIDE_2.1.1/STM32CubeIDE/plugins/com.st.stm32cube.ide.mcu.externaltools.gnu-tools-for-stm32.14.3.rel1.win32_1.0.100.202602081740/tools/bin/../lib/gcc/arm-none-eabi/14.3.1/thumb/v7-m/nofp\libgcc.a
LOAD C:/ST/STM32CubeIDE_2.1.1/STM32CubeIDE/plugins/com.st.stm32cube.ide.mcu.externaltools.gnu-tools-for-stm32.14.3.rel1.win32_1.0.100.202602081740/tools/bin/../lib/gcc/arm-none-eabi/14.3.1/../../../../arm-none-eabi/lib/thumb/v7-m/nofp\libc_nano.a
LOAD C:/ST/STM32CubeIDE_2.1.1/STM32CubeIDE/plugins/com.st.stm32cube.ide.mcu.externaltools.gnu-tools-for-stm32.14.3.rel1.win32_1.0.100.202602081740/tools/bin/../lib/gcc/arm-none-eabi/14.3.1/../../../../arm-none-eabi/lib/thumb/v7-m/nofp\libnosys.a
END GROUP
START GROUP
LOAD C:/ST/STM32CubeIDE_2.1.1/STM32CubeIDE/plugins/com.st.stm32cube.ide.mcu.externaltools.gnu-tools-for-stm32.14.3.rel1.win32_1.0.100.202602081740/tools/bin/../lib/gcc/arm-none-eabi/14.3.1/thumb/v7-m/nofp\libgcc.a
LOAD C:/ST/STM32CubeIDE_2.1.1/STM32CubeIDE/plugins/com.st.stm32cube.ide.mcu.externaltools.gnu-tools-for-stm32.14.3.rel1.win32_1.0.100.202602081740/tools/bin/../lib/gcc/arm-none-eabi/14.3.1/../../../../arm-none-eabi/lib/thumb/v7-m/nofp\libc_nano.a
LOAD C:/ST/STM32CubeIDE_2.1.1/STM32CubeIDE/plugins/com.st.stm32cube.ide.mcu.externaltools.gnu-tools-for-stm32.14.3.rel1.win32_1.0.100.202602081740/tools/bin/../lib/gcc/arm-none-eabi/14.3.1/../../../../arm-none-eabi/lib/thumb/v7-m/nofp\libnosys.a
END GROUP
LOAD C:/ST/STM32CubeIDE_2.1.1/STM32CubeIDE/plugins/com.st.stm32cube.ide.mcu.externaltools.gnu-tools-for-stm32.14.3.rel1.win32_1.0.100.202602081740/tools/bin/../lib/gcc/arm-none-eabi/14.3.1/thumb/v7-m/nofp/crtend.o
LOAD C:/ST/STM32CubeIDE_2.1.1/STM32CubeIDE/plugins/com.st.stm32cube.ide.mcu.externaltools.gnu-tools-for-stm32.14.3.rel1.win32_1.0.100.202602081740/tools/bin/../lib/gcc/arm-none-eabi/14.3.1/thumb/v7-m/nofp/crtn.o
                0x20005000                        _estack = (ORIGIN (RAM) + LENGTH (RAM))
                0x00000200                        _Min_Heap_Size = 0x200
                0x00000400                        _Min_Stack_Size = 0x400

.isr_vector     0x08000000      0x10c
                0x08000000                        . = ALIGN (0x4)
 *(.isr_vector)
 .isr_vector    0x08000000      0x10c ./Core/Startup/startup_stm32f103c8tx.o
                0x08000000                g_pfnVectors
                0x0800010c                        . = ALIGN (0x4)

.text           0x0800010c     0x5d30
                0x0800010c                        . = ALIGN (0x4)
 *(.text)
 .text          0x0800010c       0x40 C:/ST/STM32CubeIDE_2.1.1/STM32CubeIDE/plugins/com.st.stm32cube.ide.mcu.externaltools.gnu-tools-for-stm32.14.3.rel1.win32_1.0.100.202602081740/tools/bin/../lib/gcc/arm-none-eabi/14.3.1/thumb/v7-m/nofp/crtbegin.o
 .text          0x0800014c       0x30 C:/ST/STM32CubeIDE_2.1.1/STM32CubeIDE/plugins/com.st.stm32cube.ide.mcu.externaltools.gnu-tools-for-stm32.14.3.rel1.win32_1.0.100.202602081740/tools/bin/../lib/gcc/arm-none-eabi/14.3.1/thumb/v7-m/nofp\libgcc.a(_aeabi_uldivmod.o)
                0x0800014c                __aeabi_uldivmod
 .text          0x0800017c      0x2f4 C:/ST/STM32CubeIDE_2.1.1/STM32CubeIDE/plugins/com.st.stm32cube.ide.mcu.externaltools.gnu-tools-for-stm32.14.3.rel1.win32_1.0.100.202602081740/tools/bin/../lib/gcc/arm-none-eabi/14.3.1/thumb/v7-m/nofp\libgcc.a(_udivmoddi4.o)
                0x0800017c                __udivmoddi4
 .text          0x08000470        0x4 C:/ST/STM32CubeIDE_2.1.1/STM32CubeIDE/plugins/com.st.stm32cube.ide.mcu.externaltools.gnu-tools-for-stm32.14.3.rel1.win32_1.0.100.202602081740/tools/bin/../lib/gcc/arm-none-eabi/14.3.1/thumb/v7-m/nofp\libgcc.a(_dvmd_tls.o)
                0x08000470                __aeabi_idiv0
                0x08000470                __aeabi_ldiv0
 *(.text*)
 .text.LL_GPIO_SetOutputPin
                0x08000474       0x1e ./Core/Src/Eeprom.o
 .text.LL_GPIO_ResetOutputPin
                0x08000492       0x1e ./Core/Src/Eeprom.o
 .text.EEPROM_SPI_INIT
                0x080004b0       0x1c ./Core/Src/Eeprom.o
                0x080004b0                EEPROM_SPI_INIT
 .text.EEPROM_WaitSpiReady
                0x080004cc       0x40 ./Core/Src/Eeprom.o
 .text.EEPROM_SendInstruction
                0x0800050c       0x44 ./Core/Src/Eeprom.o
 .text.EEPROM_WaitStandbyState
                0x08000550       0xa8 ./Core/Src/Eeprom.o
 .text.EEPROM_WriteEnable
                0x080005f8       0x3c ./Core/Src/Eeprom.o
 .text.EEPROM_WriteDisable
                0x08000634       0x34 ./Core/Src/Eeprom.o
 .text.EEPROM_WritePage
                0x08000668       0xb0 ./Core/Src/Eeprom.o
 .text.EEPROM_SPI_WriteBuffer
                0x08000718      0x1ea ./Core/Src/Eeprom.o
                0x08000718                EEPROM_SPI_WriteBuffer
 *fill*         0x08000902        0x2 
 .text.EEPROM_SPI_ReadBuffer
                0x08000904       0xa4 ./Core/Src/Eeprom.o
                0x08000904                EEPROM_SPI_ReadBuffer
 .text.LL_GPIO_WriteOutputPort
                0x080009a8       0x1a ./Core/Src/HD44780.o
 .text.LL_GPIO_ReadOutputPort
                0x080009c2       0x16 ./Core/Src/HD44780.o
 .text.LL_GPIO_SetOutputPin
                0x080009d8       0x1e ./Core/Src/HD44780.o
 .text.LL_GPIO_ResetOutputPin
                0x080009f6       0x1e ./Core/Src/HD44780.o
 .text.delay    0x08000a14       0x28 ./Core/Src/HD44780.o
                0x08000a14                delay
 .text.LCD_PrHex
                0x08000a3c       0x60 ./Core/Src/HD44780.o
                0x08000a3c                LCD_PrHex
 .text.LCD_PrTemp
                0x08000a9c       0xf8 ./Core/Src/HD44780.o
                0x08000a9c                LCD_PrTemp
 .text.LCD_Mypow
                0x08000b94       0x36 ./Core/Src/HD44780.o
                0x08000b94                LCD_Mypow
 .text.LCD_PrintNumber
                0x08000bca       0xd2 ./Core/Src/HD44780.o
                0x08000bca                LCD_PrintNumber
 .text.LCD_WriteCString
                0x08000c9c       0x2c ./Core/Src/HD44780.o
                0x08000c9c                LCD_WriteCString
 .text.LCD_Position
                0x08000cc8       0x5c ./Core/Src/HD44780.o
                0x08000cc8                LCD_Position
 .text.LCD_Init
                0x08000d24       0x3c ./Core/Src/HD44780.o
                0x08000d24                LCD_Init
 .text.LCD_Clear
                0x08000d60       0x14 ./Core/Src/HD44780.o
                0x08000d60                LCD_Clear
 .text.LCD_WriteData
                0x08000d74       0x28 ./Core/Src/HD44780.o
                0x08000d74                LCD_WriteData
 .text.LCD_WriteComm
                0x08000d9c       0x28 ./Core/Src/HD44780.o
                0x08000d9c                LCD_WriteComm
 .text.LCD_Write
                0x08000dc4       0x90 ./Core/Src/HD44780.o
                0x08000dc4                LCD_Write
 .text.MX_ADC1_Init
                0x08000e54       0xd4 ./Core/Src/adc.o
                0x08000e54                MX_ADC1_Init
 .text.HAL_ADC_MspInit
                0x08000f28       0xd0 ./Core/Src/adc.o
                0x08000f28                HAL_ADC_MspInit
 .text.MX_DMA_Init
                0x08000ff8       0x3c ./Core/Src/dma.o
                0x08000ff8                MX_DMA_Init
 .text.__NVIC_GetPriorityGrouping
                0x08001034       0x1c ./Core/Src/gpio.o
 .text.__NVIC_EnableIRQ
                0x08001050       0x38 ./Core/Src/gpio.o
 .text.__NVIC_SetPriority
                0x08001088       0x54 ./Core/Src/gpio.o
 .text.NVIC_EncodePriority
                0x080010dc       0x64 ./Core/Src/gpio.o
 .text.LL_APB2_GRP1_EnableClock
                0x08001140       0x30 ./Core/Src/gpio.o
 .text.LL_GPIO_SetPinMode
                0x08001170       0x64 ./Core/Src/gpio.o
 .text.LL_GPIO_SetPinPull
                0x080011d4       0x44 ./Core/Src/gpio.o
 .text.LL_GPIO_SetOutputPin
                0x08001218       0x1e ./Core/Src/gpio.o
 .text.LL_GPIO_ResetOutputPin
                0x08001236       0x1e ./Core/Src/gpio.o
 .text.LL_GPIO_AF_SetEXTISource
                0x08001254       0x5c ./Core/Src/gpio.o
 .text.MX_GPIO_Init
                0x080012b0      0x168 ./Core/Src/gpio.o
                0x080012b0                MX_GPIO_Init
 .text.LL_RCC_HSI_Enable
                0x08001418       0x1c ./Core/Src/main.o
 .text.LL_RCC_HSI_IsReady
                0x08001434       0x24 ./Core/Src/main.o
 .text.LL_RCC_HSI_SetCalibTrimming
                0x08001458       0x28 ./Core/Src/main.o
 .text.LL_RCC_SetSysClkSource
                0x08001480       0x28 ./Core/Src/main.o
 .text.LL_RCC_GetSysClkSource
                0x080014a8       0x18 ./Core/Src/main.o
 .text.LL_RCC_SetAHBPrescaler
                0x080014c0       0x28 ./Core/Src/main.o
 .text.LL_RCC_SetAPB1Prescaler
                0x080014e8       0x28 ./Core/Src/main.o
 .text.LL_RCC_SetAPB2Prescaler
                0x08001510       0x28 ./Core/Src/main.o
 .text.LL_RCC_SetADCClockSource
                0x08001538       0x28 ./Core/Src/main.o
 .text.LL_RCC_PLL_Enable
                0x08001560       0x1c ./Core/Src/main.o
 .text.LL_RCC_PLL_IsReady
                0x0800157c       0x24 ./Core/Src/main.o
 .text.LL_RCC_PLL_ConfigDomain_SYS
                0x080015a0       0x30 ./Core/Src/main.o
 .text.LL_FLASH_SetLatency
                0x080015d0       0x28 ./Core/Src/main.o
 .text.LL_FLASH_GetLatency
                0x080015f8       0x18 ./Core/Src/main.o
 .text.LL_EXTI_DisableIT_0_31
                0x08001610       0x24 ./Core/Src/main.o
 .text.LL_SYSTICK_EnableIT
                0x08001634       0x1c ./Core/Src/main.o
 .text.LL_TIM_EnableCounter
                0x08001650       0x1e ./Core/Src/main.o
 .text.LL_TIM_SetAutoReload
                0x0800166e       0x1a ./Core/Src/main.o
 .text.LL_TIM_CC_EnableChannel
                0x08001688       0x20 ./Core/Src/main.o
 .text.LL_TIM_OC_SetCompareCH1
                0x080016a8       0x1a ./Core/Src/main.o
 .text.LL_TIM_EnableAllOutputs
                0x080016c2       0x1e ./Core/Src/main.o
 .text.LL_TIM_GenerateEvent_UPDATE
                0x080016e0       0x1e ./Core/Src/main.o
 .text.LL_GPIO_SetOutputPin
                0x080016fe       0x1e ./Core/Src/main.o
 .text.main     0x0800171c      0x800 ./Core/Src/main.o
                0x0800171c                main
 .text.SystemClock_Config
                0x08001f1c       0x94 ./Core/Src/main.o
                0x08001f1c                SystemClock_Config
 .text.Beep     0x08001fb0       0x84 ./Core/Src/main.o
                0x08001fb0                Beep
 .text.Watchdog_Init
                0x08002034       0x40 ./Core/Src/main.o
 .text.Watchdog_Refresh
                0x08002074       0x4c ./Core/Src/main.o
 .text.Delay_Wd
                0x080020c0       0x36 ./Core/Src/main.o
 *fill*         0x080020f6        0x2 
 .text.Display_Fault
                0x080020f8       0xdc ./Core/Src/main.o
 .text.Error_Handler
                0x080021d4       0x18 ./Core/Src/main.o
                0x080021d4                Error_Handler
 .text.MX_SPI1_Init
                0x080021ec       0x6c ./Core/Src/spi.o
                0x080021ec                MX_SPI1_Init
 .text.HAL_SPI_MspInit
                0x08002258       0x94 ./Core/Src/spi.o
                0x08002258                HAL_SPI_MspInit
 .text.HAL_MspInit
                0x080022ec       0x64 ./Core/Src/stm32f1xx_hal_msp.o
                0x080022ec                HAL_MspInit
 .text.LL_EXTI_IsActiveFlag_0_31
                0x08002350       0x2c ./Core/Src/stm32f1xx_it.o
 .text.LL_EXTI_ClearFlag_0_31
                0x0800237c       0x1c ./Core/Src/stm32f1xx_it.o
 .text.LL_TIM_DisableCounter
                0x08002398       0x1e ./Core/Src/stm32f1xx_it.o
 .text.LL_TIM_OC_SetCompareCH1
                0x080023b6       0x1a ./Core/Src/stm32f1xx_it.o
 .text.LL_TIM_DisableAllOutputs
                0x080023d0       0x1e ./Core/Src/stm32f1xx_it.o
 .text.LL_GPIO_IsInputPinSet
                0x080023ee       0x2c ./Core/Src/stm32f1xx_it.o
 *fill*         0x0800241a        0x2 
 .text.Melody_Start
                0x0800241c       0x1c ./Core/Src/stm32f1xx_it.o
 .text.Melody_Poll
                0x08002438       0x70 ./Core/Src/stm32f1xx_it.o
 .text.Encoder_Step
                0x080024a8      0x39c ./Core/Src/stm32f1xx_it.o
 .text.Button_Press
                0x08002844      0x128 ./Core/Src/stm32f1xx_it.o
 .text.Inputs_Poll
                0x0800296c      0x124 ./Core/Src/stm32f1xx_it.o
 .text.Control_Loop
                0x08002a90      0x3e4 ./Core/Src/stm32f1xx_it.o
 .text.NMI_Handler
                0x08002e74        0x8 ./Core/Src/stm32f1xx_it.o
                0x08002e74                NMI_Handler
 .text.HardFault_Handler
                0x08002e7c       0x14 ./Core/Src/stm32f1xx_it.o
                0x08002e7c                HardFault_Handler
 .text.MemManage_Handler
                0x08002e90        0x8 ./Core/Src/stm32f1xx_it.o
                0x08002e90                MemManage_Handler
 .text.BusFault_Handler
                0x08002e98        0x8 ./Core/Src/stm32f1xx_it.o
                0x08002e98                BusFault_Handler
 .text.UsageFault_Handler
                0x08002ea0        0x8 ./Core/Src/stm32f1xx_it.o
                0x08002ea0                UsageFault_Handler
 .text.SVC_Handler
                0x08002ea8        0xc ./Core/Src/stm32f1xx_it.o
                0x08002ea8                SVC_Handler
 .text.DebugMon_Handler
                0x08002eb4        0xc ./Core/Src/stm32f1xx_it.o
                0x08002eb4                DebugMon_Handler
 .text.PendSV_Handler
                0x08002ec0        0xc ./Core/Src/stm32f1xx_it.o
                0x08002ec0                PendSV_Handler
 .text.SysTick_Handler
                0x08002ecc      0x1b4 ./Core/Src/stm32f1xx_it.o
                0x08002ecc                SysTick_Handler
 .text.DMA1_Channel1_IRQHandler
                0x08003080      0x19c ./Core/Src/stm32f1xx_it.o
                0x08003080                DMA1_Channel1_IRQHandler
 .text.EXTI15_10_IRQHandler
                0x0800321c       0x34 ./Core/Src/stm32f1xx_it.o
                0x0800321c                EXTI15_10_IRQHandler
 .text.SystemInit
                0x08003250        0xc ./Core/Src/system_stm32f1xx.o
                0x08003250                SystemInit
 .text.LL_APB1_GRP1_EnableClock
                0x0800325c       0x30 ./Core/Src/tim.o
 .text.LL_APB2_GRP1_EnableClock
                0x0800328c       0x30 ./Core/Src/tim.o
 .text.LL_TIM_EnableARRPreload
                0x080032bc       0x1e ./Core/Src/tim.o
 *fill*         0x080032da        0x2 
 .text.LL_TIM_OC_DisableFast
                0x080032dc       0x88 ./Core/Src/tim.o
 .text.LL_TIM_OC_EnablePreload
                0x08003364       0x88 ./Core/Src/tim.o
 .text.LL_TIM_SetClockSource
                0x080033ec       0x28 ./Core/Src/tim.o
 .text.LL_TIM_SetTriggerOutput
                0x08003414       0x24 ./Core/Src/tim.o
 .text.LL_TIM_DisableMasterSlaveMode
                0x08003438       0x1e ./Core/Src/tim.o
 *fill*         0x08003456        0x2 
 .text.LL_GPIO_AF_RemapPartial1_TIM2
                0x08003458       0x28 ./Core/Src/tim.o
 .text.MX_TIM1_Init
                0x08003480      0x12c ./Core/Src/tim.o
                0x08003480                MX_TIM1_Init
 .text.MX_TIM2_Init
                0x080035ac       0xe0 ./Core/Src/tim.o
                0x080035ac                MX_TIM2_Init
 .text.Reset_Handler
                0x0800368c       0x48 ./Core/Startup/startup_stm32f103c8tx.o
                0x0800368c                Reset_Handler
 .text.Default_Handler
                0x080036d4        0x2 ./Core/Startup/startup_stm32f103c8tx.o
                0x080036d4                RTC_Alarm_IRQHandler
                0x080036d4                EXTI2_IRQHandler
                0x080036d4                TIM1_CC_IRQHandler
                0x080036d4                PVD_IRQHandler
                0x080036d4                EXTI3_IRQHandler
                0x080036d4                EXTI0_IRQHandler
                0x080036d4                I2C2_EV_IRQHandler
                0x080036d4                ADC1_2_IRQHandler
                0x080036d4                SPI1_IRQHandler
                0x080036d4                TAMPER_IRQHandler
                0x080036d4                DMA1_Channel4_IRQHandler
                0x080036d4                USART3_IRQHandler
                0x080036d4                RTC_IRQHandler
                0x080036d4                DMA1_Channel7_IRQHandler
                0x080036d4                CAN1_RX1_IRQHandler
                0x080036d4                TIM4_IRQHandler
                0x080036d4                I2C1_EV_IRQHandler
                0x080036d4                DMA1_Channel6_IRQHandler
                0x080036d4                TIM3_IRQHandler
                0x080036d4                RCC_IRQHandler
                0x080036d4                TIM1_TRG_COM_IRQHandler
                0x080036d4                Default_Handler
                0x080036d4                EXTI9_5_IRQHandler
                0x080036d4                SPI2_IRQHandler
                0x080036d4                DMA1_Channel5_IRQHandler
                0x080036d4                EXTI4_IRQHandler
                0x080036d4                USB_LP_CAN1_RX0_IRQHandler
                0x080036d4                USB_HP_CAN1_TX_IRQHandler
                0x080036d4                DMA1_Channel3_IRQHandler
                0x080036d4                TIM1_UP_IRQHandler
                0x080036d4                WWDG_IRQHandler
                0x080036d4                TIM2_IRQHandler
                0x080036d4                TIM1_BRK_IRQHandler
                0x080036d4                EXTI1_IRQHandler
                0x080036d4                USART2_IRQHandler
                0x080036d4                I2C2_ER_IRQHandler
                0x080036d4                DMA1_Channel2_IRQHandler
                0x080036d4                CAN1_SCE_IRQHandler
                0x080036d4                FLASH_IRQHandler
                0x080036d4                USART1_IRQHandler
                0x080036d4                I2C1_ER_IRQHandler
                0x080036d4                USBWakeUp_IRQHandler
 *fill*         0x080036d6        0x2 
 .text.HAL_Init
                0x080036d8       0x2c ./Drivers/STM32F1xx_HAL_Driver/Src/stm32f1xx_hal.o
                0x080036d8                HAL_Init
 .text.HAL_InitTick
                0x08003704       0x60 ./Drivers/STM32F1xx_HAL_Driver/Src/stm32f1xx_hal.o
                0x08003704                HAL_InitTick
 .text.HAL_IncTick
                0x08003764       0x24 ./Drivers/STM32F1xx_HAL_Driver/Src/stm32f1xx_hal.o
                0x08003764                HAL_IncTick
 .text.HAL_GetTick
                0x08003788       0x14 ./Drivers/STM32F1xx_HAL_Driver/Src/stm32f1xx_hal.o
                0x08003788                HAL_GetTick
 .text.HAL_ADC_Init
                0x0800379c      0x1b0 ./Drivers/STM32F1xx_HAL_Driver/Src/stm32f1xx_hal_adc.o
                0x0800379c                HAL_ADC_Init
 .text.HAL_ADC_Start_DMA
                0x0800394c      0x1bc ./Drivers/STM32F1xx_HAL_Driver/Src/stm32f1xx_hal_adc.o
                0x0800394c                HAL_ADC_Start_DMA
 .text.HAL_ADC_ConvCpltCallback
                0x08003b08       0x12 ./Drivers/STM32F1xx_HAL_Driver/Src/stm32f1xx_hal_adc.o
                0x08003b08                HAL_ADC_ConvCpltCallback
 .text.HAL_ADC_ConvHalfCpltCallback
                0x08003b1a       0x12 ./Drivers/STM32F1xx_HAL_Driver/Src/stm32f1xx_hal_adc.o
                0x08003b1a                HAL_ADC_ConvHalfCpltCallback
 .text.HAL_ADC_ErrorCallback
                0x08003b2c       0x12 ./Drivers/STM32F1xx_HAL_Driver/Src/stm32f1xx_hal_adc.o
                0x08003b2c                HAL_ADC_ErrorCallback
 *fill*         0x08003b3e        0x2 
 .text.HAL_ADC_ConfigChannel
                0x08003b40      0x1f0 ./Drivers/STM32F1xx_HAL_Driver/Src/stm32f1xx_hal_adc.o
                0x08003b40                HAL_ADC_ConfigChannel
 .text.ADC_Enable
                0x08003d30       0xb4 ./Drivers/STM32F1xx_HAL_Driver/Src/stm32f1xx_hal_adc.o
                0x08003d30                ADC_Enable
 .text.ADC_ConversionStop_Disable
                0x08003de4       0x82 ./Drivers/STM32F1xx_HAL_Driver/Src/stm32f1xx_hal_adc.o
                0x08003de4                ADC_ConversionStop_Disable
 .text.ADC_DMAConvCplt
                0x08003e66       0x7c ./Drivers/STM32F1xx_HAL_Driver/Src/stm32f1xx_hal_adc.o
                0x08003e66                ADC_DMAConvCplt
 .text.ADC_DMAHalfConvCplt
                0x08003ee2       0x1c ./Drivers/STM32F1xx_HAL_Driver/Src/stm32f1xx_hal_adc.o
                0x08003ee2                ADC_DMAHalfConvCplt
 .text.ADC_DMAError
                0x08003efe       0x34 ./Drivers/STM32F1xx_HAL_Driver/Src/stm32f1xx_hal_adc.o
                0x08003efe                ADC_DMAError
 *fill*         0x08003f32        0x2 
 .text.__NVIC_SetPriorityGrouping
                0x08003f34       0x48 ./Drivers/STM32F1xx_HAL_Driver/Src/stm32f1xx_hal_cortex.o
 .text.__NVIC_GetPriorityGrouping
                0x08003f7c       0x1c ./Drivers/STM32F1xx_HAL_Driver/Src/stm32f1xx_hal_cortex.o
 .text.__NVIC_EnableIRQ
                0x08003f98       0x38 ./Drivers/STM32F1xx_HAL_Driver/Src/stm32f1xx_hal_cortex.o
 .text.__NVIC_SetPriority
                0x08003fd0       0x54 ./Drivers/STM32F1xx_HAL_Driver/Src/stm32f1xx_hal_cortex.o
 .text.NVIC_EncodePriority
                0x08004024       0x64 ./Drivers/STM32F1xx_HAL_Driver/Src/stm32f1xx_hal_cortex.o
 .text.SysTick_Config
                0x08004088       0x44 ./Drivers/STM32F1xx_HAL_Driver/Src/stm32f1xx_hal_cortex.o
 .text.HAL_NVIC_SetPriorityGrouping
                0x080040cc       0x16 ./Drivers/STM32F1xx_HAL_Driver/Src/stm32f1xx_hal_cortex.o
                0x080040cc                HAL_NVIC_SetPriorityGrouping
 .text.HAL_NVIC_SetPriority
                0x080040e2       0x38 ./Drivers/STM32F1xx_HAL_Driver/Src/stm32f1xx_hal_cortex.o
                0x080040e2                HAL_NVIC_SetPriority
 .text.HAL_NVIC_EnableIRQ
                0x0800411a       0x1c ./Drivers/STM32F1xx_HAL_Driver/Src/stm32f1xx_hal_cortex.o
                0x0800411a                HAL_NVIC_EnableIRQ
 .text.HAL_SYSTICK_Config
                0x08004136       0x18 ./Drivers/STM32F1xx_HAL_Driver/Src/stm32f1xx_hal_cortex.o
                0x08004136                HAL_SYSTICK_Config
 *fill*         0x0800414e        0x2 
 .text.HAL_DMA_Init
                0x08004150       0xb4 ./Drivers/STM32F1xx_HAL_Driver/Src/stm32f1xx_hal_dma.o
                0x08004150                HAL_DMA_Init
 .text.HAL_DMA_Start_IT
                0x08004204       0xc0 ./Drivers/STM32F1xx_HAL_Driver/Src/stm32f1xx_hal_dma.o
                0x08004204                HAL_DMA_Start_IT
 .text.HAL_DMA_IRQHandler
                0x080042c4      0x20c ./Drivers/STM32F1xx_HAL_Driver/Src/stm32f1xx_hal_dma.o
                0x080042c4                HAL_DMA_IRQHandler
 .text.DMA_SetConfig
                0x080044d0       0x5a ./Drivers/STM32F1xx_HAL_Driver/Src/stm32f1xx_hal_dma.o
 *fill*         0x0800452a        0x2 
 .text.HAL_GPIO_Init
                0x0800452c      0x308 ./Drivers/STM32F1xx_HAL_Driver/Src/stm32f1xx_hal_gpio.o
                0x0800452c                HAL_GPIO_Init
 .text.HAL_SPI_Init
                0x08004834      0x108 ./Drivers/STM32F1xx_HAL_Driver/Src/stm32f1xx_hal_spi.o
                0x08004834                HAL_SPI_Init
 .text.HAL_SPI_Transmit
                0x0800493c      0x288 ./Drivers/STM32F1xx_HAL_Driver/Src/stm32f1xx_hal_spi.o
                0x0800493c                HAL_SPI_Transmit
 .text.HAL_SPI_Receive
                0x08004bc4      0x232 ./Drivers/STM32F1xx_HAL_Driver/Src/stm32f1xx_hal_spi.o
                0x08004bc4                HAL_SPI_Receive
 .text.HAL_SPI_TransmitReceive
                0x08004df6      0x352 ./Drivers/STM32F1xx_HAL_Driver/Src/stm32f1xx_hal_spi.o
                0x08004df6                HAL_SPI_TransmitReceive
 .text.SPI_WaitFlagStateUntilTimeout
                0x08005148      0x110 ./Drivers/STM32F1xx_HAL_Driver/Src/stm32f1xx_hal_spi.o
 .text.SPI_EndRxTransaction
                0x08005258       0xa4 ./Drivers/STM32F1xx_HAL_Driver/Src/stm32f1xx_hal_spi.o
 .text.SPI_EndRxTxTransaction
                0x080052fc       0x62 ./Drivers/STM32F1xx_HAL_Driver/Src/stm32f1xx_hal_spi.o
 *fill*         0x0800535e        0x2 
 .text.LL_EXTI_EnableIT_0_31
                0x08005360       0x24 ./Drivers/STM32F1xx_HAL_Driver/Src/stm32f1xx_ll_exti.o
 .text.LL_EXTI_DisableIT_0_31
                0x08005384       0x24 ./Drivers/STM32F1xx_HAL_Driver/Src/stm32f1xx_ll_exti.o
 .text.LL_EXTI_EnableEvent_0_31
                0x080053a8       0x24 ./Drivers/STM32F1xx_HAL_Driver/Src/stm32f1xx_ll_exti.o
 .text.LL_EXTI_DisableEvent_0_31
                0x080053cc       0x24 ./Drivers/STM32F1xx_HAL_Driver/Src/stm32f1xx_ll_exti.o
 .text.LL_EXTI_EnableRisingTrig_0_31
                0x080053f0       0x24 ./Drivers/STM32F1xx_HAL_Driver/Src/stm32f1xx_ll_exti.o
 .text.LL_EXTI_DisableRisingTrig_0_31
                0x08005414       0x24 ./Drivers/STM32F1xx_HAL_Driver/Src/stm32f1xx_ll_exti.o
 .text.LL_EXTI_EnableFallingTrig_0_31
                0x08005438       0x24 ./Drivers/STM32F1xx_HAL_Driver/Src/stm32f1xx_ll_exti.o
 .text.LL_EXTI_DisableFallingTrig_0_31
                0x0800545c       0x24 ./Drivers/STM32F1xx_HAL_Driver/Src/stm32f1xx_ll_exti.o
 .text.LL_EXTI_Init
                0x08005480       0xfe ./Drivers/STM32F1xx_HAL_Driver/Src/stm32f1xx_ll_exti.o
                0x08005480                LL_EXTI_Init
 .text.LL_GPIO_SetPinMode
                0x0800557e       0x64 ./Drivers/STM32F1xx_HAL_Driver/Src/stm32f1xx_ll_gpio.o
 .text.LL_GPIO_SetPinSpeed
                0x080055e2       0x64 ./Drivers/STM32F1xx_HAL_Driver/Src/stm32f1xx_ll_gpio.o
 .text.LL_GPIO_SetPinOutputType
                0x08005646       0x64 ./Drivers/STM32F1xx_HAL_Driver/Src/stm32f1xx_ll_gpio.o
 .text.LL_GPIO_SetPinPull
                0x080056aa       0x44 ./Drivers/STM32F1xx_HAL_Driver/Src/stm32f1xx_ll_gpio.o
 .text.LL_GPIO_Init
                0x080056ee       0xcc ./Drivers/STM32F1xx_HAL_Driver/Src/stm32f1xx_ll_gpio.o
                0x080056ee                LL_GPIO_Init
 .text.LL_TIM_SetPrescaler
                0x080057ba       0x1a ./Drivers/STM32F1xx_HAL_Driver/Src/stm32f1xx_ll_tim.o
 .text.LL_TIM_SetAutoReload
                0x080057d4       0x1a ./Drivers/STM32F1xx_HAL_Driver/Src/stm32f1xx_ll_tim.o
 .text.LL_TIM_SetRepetitionCounter
                0x080057ee       0x1a ./Drivers/STM32F1xx_HAL_Driver/Src/stm32f1xx_ll_tim.o
 .text.LL_TIM_OC_SetCompareCH1
                0x08005808       0x1a ./Drivers/STM32F1xx_HAL_Driver/Src/stm32f1xx_ll_tim.o
 .text.LL_TIM_OC_SetCompareCH2
                0x08005822       0x1a ./Drivers/STM32F1xx_HAL_Driver/Src/stm32f1xx_ll_tim.o
 .text.LL_TIM_OC_SetCompareCH3
                0x0800583c       0x1a ./Drivers/STM32F1xx_HAL_Driver/Src/stm32f1xx_ll_tim.o
 .text.LL_TIM_OC_SetCompareCH4
                0x08005856       0x1a ./Drivers/STM32F1xx_HAL_Driver/Src/stm32f1xx_ll_tim.o
 .text.LL_TIM_GenerateEvent_UPDATE
                0x08005870       0x1e ./Drivers/STM32F1xx_HAL_Driver/Src/stm32f1xx_ll_tim.o
 *fill*         0x0800588e        0x2 
 .text.LL_TIM_Init
                0x08005890       0xbc ./Drivers/STM32F1xx_HAL_Driver/Src/stm32f1xx_ll_tim.o
                0x08005890                LL_TIM_Init
 .text.LL_TIM_OC_Init
                0x0800594c       0x82 ./Drivers/STM32F1xx_HAL_Driver/Src/stm32f1xx_ll_tim.o
                0x0800594c                LL_TIM_OC_Init
 .text.LL_TIM_BDTR_Init
                0x080059ce       0x82 ./Drivers/STM32F1xx_HAL_Driver/Src/stm32f1xx_ll_tim.o
                0x080059ce                LL_TIM_BDTR_Init
 .text.OC1Config
                0x08005a50       0xcc ./Drivers/STM32F1xx_HAL_Driver/Src/stm32f1xx_ll_tim.o
 .text.OC2Config
                0x08005b1c       0xd4 ./Drivers/STM32F1xx_HAL_Driver/Src/stm32f1xx_ll_tim.o
 .text.OC3Config
                0x08005bf0       0xd4 ./Drivers/STM32F1xx_HAL_Driver/Src/stm32f1xx_ll_tim.o
 .text.OC4Config
                0x08005cc4       0xa4 ./Drivers/STM32F1xx_HAL_Driver/Src/stm32f1xx_ll_tim.o
 .text.LL_mDelay
                0x08005d68       0x48 ./Drivers/STM32F1xx_HAL_Driver/Src/stm32f1xx_ll_utils.o
                0x08005d68                LL_mDelay
 .text.LL_SetSystemCoreClock
                0x08005db0       0x1c ./Drivers/STM32F1xx_HAL_Driver/Src/stm32f1xx_ll_utils.o
                0x08005db0                LL_SetSystemCoreClock
 .text.memset   0x08005dcc       0x10 C:/ST/STM32CubeIDE_2.1.1/STM32CubeIDE/plugins/com.st.stm32cube.ide.mcu.externaltools.gnu-tools-for-stm32.14.3.rel1.win32_1.0.100.202602081740/tools/bin/../lib/gcc/arm-none-eabi/14.3.1/../../../../arm-none-eabi/lib/thumb/v7-m/nofp\libc_nano.a(libc_a-memset.o)
                0x08005dcc                memset
 .text.__libc_init_array
                0x08005ddc       0x48 C:/ST/STM32CubeIDE_2.1.1/STM32CubeIDE/plugins/com.st.stm32cube.ide.mcu.externaltools.gnu-tools-for-stm32.14.3.rel1.win32_1.0.100.202602081740/tools/bin/../lib/gcc/arm-none-eabi/14.3.1/../../../../arm-none-eabi/lib/thumb/v7-m/nofp\libc_nano.a(libc_a-init.o)
                0x08005ddc                __libc_init_array
 *(.glue_7)
 .glue_7        0x08005e24        0x0 linker stubs
 *(.glue_7t)
 .glue_7t       0x08005e24        0x0 linker stubs
 *(.eh_frame)
 .eh_frame      0x08005e24        0x0 C:/ST/STM32CubeIDE_2.1.1/STM32CubeIDE/plugins/com.st.stm32cube.ide.mcu.externaltools.gnu-tools-for-stm32.14.3.rel1.win32_1.0.100.202602081740/tools/bin/../lib/gcc/arm-none-eabi/14.3.1/thumb/v7-m/nofp/crtbegin.o
 *(.init)
 .init          0x08005e24        0x4 C:/ST/STM32CubeIDE_2.1.1/STM32CubeIDE/plugins/com.st.stm32cube.ide.mcu.externaltools.gnu-tools-for-stm32.14.3.rel1.win32_1.0.100.202602081740/tools/bin/../lib/gcc/arm-none-eabi/14.3.1/thumb/v7-m/nofp/crti.o
                0x08005e24                _init
 .init          0x08005e28        0x8 C:/ST/STM32CubeIDE_2.1.1/STM32CubeIDE/plugins/com.st.stm32cube.ide.mcu.externaltools.gnu-tools-for-stm32.14.3.rel1.win32_1.0.100.202602081740/tools/bin/../lib/gcc/arm-none-eabi/14.3.1/thumb/v7-m/nofp/crtn.o
 *(.fini)
 .fini          0x08005e30        0x4 C:/ST/STM32CubeIDE_2.1.1/STM32CubeIDE/plugins/com.st.stm32cube.ide.mcu.externaltools.gnu-tools-for-stm32.14.3.rel1.win32_1.0.100.202602081740/tools/bin/../lib/gcc/arm-none-eabi/14.3.1/thumb/v7-m/nofp/crti.o
                0x08005e30                _fini
 .fini          0x08005e34        0x8 C:/ST/STM32CubeIDE_2.1.1/STM32CubeIDE/plugins/com.st.stm32cube.ide.mcu.externaltools.gnu-tools-for-stm32.14.3.rel1.win32_1.0.100.202602081740/tools/bin/../lib/gcc/arm-none-eabi/14.3.1/thumb/v7-m/nofp/crtn.o
                0x08005e3c                        . = ALIGN (0x4)
                0x08005e3c                        _etext = .

.vfp11_veneer   0x08005e3c        0x0
 .vfp11_veneer  0x08005e3c        0x0 linker stubs

.v4_bx          0x08005e3c        0x0
 .v4_bx         0x08005e3c        0x0 linker stubs

.iplt           0x08005e3c        0x0
 .iplt          0x08005e3c        0x0 C:/ST/STM32CubeIDE_2.1.1/STM32CubeIDE/plugins/com.st.stm32cube.ide.mcu.externaltools.gnu-tools-for-stm32.14.3.rel1.win32_1.0.100.202602081740/tools/bin/../lib/gcc/arm-none-eabi/14.3.1/thumb/v7-m/nofp/crtbegin.o

.rodata         0x08005e3c      0x308
                0x08005e3c                        . = ALIGN (0x4)
 *(.rodata)
 .rodata        0x08005e3c        0x4 ./Core/Src/HD44780.o
 .rodata        0x08005e40      0x2a1 ./Core/Src/main.o
 *(.rodata*)
 *fill*         0x080060e1        0x3 
 .rodata.EncoderTable
                0x080060e4       0x10 ./Core/Src/stm32f1xx_it.o
 .rodata.MelodyReady
                0x080060f4       0x20 ./Core/Src/stm32f1xx_it.o
 .rodata.MelodyStandby
                0x08006114       0x20 ./Core/Src/stm32f1xx_it.o
 .rodata.OFFSET_TAB_CCMRx
                0x08006134        0x7 ./Core/Src/tim.o
 *fill*         0x0800613b        0x1 
 .rodata.SHIFT_TAB_OCxx
                0x0800613c        0x7 ./Core/Src/tim.o
                0x08006144                        . = ALIGN (0x4)
 *fill*         0x08006143        0x1 

.ARM.extab      0x08006144        0x0
                0x08006144                        . = ALIGN (0x4)
 *(.ARM.extab* .gnu.linkonce.armextab.*)
                0x08006144                        . = ALIGN (0x4)

.ARM            0x08006144        0x8
                0x08006144                        . = ALIGN (0x4)
                0x08006144                        __exidx_start = .
 *(.ARM.exidx*)
 .ARM.exidx     0x08006144        0x8 C:/ST/STM32CubeIDE_2.1.1/STM32CubeIDE/plugins/com.st.stm32cube.ide.mcu.externaltools.gnu-tools-for-stm32.14.3.rel1.win32_1.0.100.202602081740/tools/bin/../lib/gcc/arm-none-eabi/14.3.1/thumb/v7-m/nofp\libgcc.a(_udivmoddi4.o)
                0x0800614c                        __exidx_end = .
                0x0800614c                        . = ALIGN (0x4)

.preinit_array  0x0800614c        0x0
                0x0800614c                        . = ALIGN (0x4)
                0x0800614c                        PROVIDE (__preinit_array_start = .)
 *(.preinit_array*)
                0x0800614c                        PROVIDE (__preinit_array_end = .)
                0x0800614c                        . = ALIGN (0x4)

.init_array     0x0800614c        0x4
                0x0800614c                        . = ALIGN (0x4)
                0x0800614c                        PROVIDE (__init_array_start = .)
 *(SORT_BY_NAME(.init_array.*))
 *(.init_array*)
 .init_array    0x0800614c        0x4 C:/ST/STM32CubeIDE_2.1.1/STM32CubeIDE/plugins/com.st.stm32cube.ide.mcu.externaltools.gnu-tools-for-stm32.14.3.rel1.win32_1.0.100.202602081740/tools/bin/../lib/gcc/arm-none-eabi/14.3.1/thumb/v7-m/nofp/crtbegin.o
                0x08006150                        PROVIDE (__init_array_end = .)
                0x08006150                        . = ALIGN (0x4)

.fini_array     0x08006150        0x4
                0x08006150                        . = ALIGN (0x4)
                [!provide]                        PROVIDE (__fini_array_start = .)
 *(SORT_BY_NAME(.fini_array.*))
 *(.fini_array*)
 .fini_array    0x08006150        0x4 C:/ST/STM32CubeIDE_2.1.1/STM32CubeIDE/plugins/com.st.stm32cube.ide.mcu.externaltools.gnu-tools-for-stm32.14.3.rel1.win32_1.0.100.202602081740/tools/bin/../lib/gcc/arm-none-eabi/14.3.1/thumb/v7-m/nofp/crtbegin.o
                [!provide]                        PROVIDE (__fini_array_end = .)
                0x08006154                        . = ALIGN (0x4)
                0x08006154                        _sidata = LOADADDR (.data)

.rel.dyn        0x08006154        0x0
 .rel.iplt      0x08006154        0x0 C:/ST/STM32CubeIDE_2.1.1/STM32CubeIDE/plugins/com.st.stm32cube.ide.mcu.externaltools.gnu-tools-for-stm32.14.3.rel1.win32_1.0.100.202602081740/tools/bin/../lib/gcc/arm-none-eabi/14.3.1/thumb/v7-m/nofp/crtbegin.o

.data           0x20000000       0x24 load address 0x08006154
                0x20000000                        . = ALIGN (0x4)
                0x20000000                        _sdata = .
 *(.data)
 *(.data*)
 .data.TemperatureMin
                0x20000000        0x2 ./Core/Src/main.o
                0x20000000                TemperatureMin
 .data.TemperatureMax
                0x20000002        0x2 ./Core/Src/main.o
                0x20000002                TemperatureMax
 .data.TemperatureStart
                0x20000004        0x2 ./Core/Src/main.o
                0x20000004                TemperatureStart
 .data.TemperatureSet
                0x20000006        0x2 ./Core/Src/main.o
                0x20000006                TemperatureSet
 .data.StandbyTemperature
                0x20000008        0x2 ./Core/Src/main.o
                0x20000008                StandbyTemperature
 .data.StandbyDifference
                0x2000000a        0x2 ./Core/Src/main.o
                0x2000000a                StandbyDifference
 .data.StandbyTimerMax
                0x2000000c        0x2 ./Core/Src/main.o
                0x2000000c                StandbyTimerMax
 .data.RegKp    0x2000000e        0x2 ./Core/Src/main.o
                0x2000000e                RegKp
 .data.RegKi    0x20000010        0x2 ./Core/Src/main.o
                0x20000010                RegKi
 .data.first.2  0x20000012        0x1 ./Core/Src/main.o
 .data.ButtonState
                0x20000013        0x1 ./Core/Src/stm32f1xx_it.o
 .data.TempOkArmed
                0x20000014        0x1 ./Core/Src/stm32f1xx_it.o
 *fill*         0x20000015        0x3 
 .data.SystemCoreClock
                0x20000018        0x4 ./Core/Src/system_stm32f1xx.o
                0x20000018                SystemCoreClock
 .data.uwTickPrio
                0x2000001c        0x4 ./Drivers/STM32F1xx_HAL_Driver/Src/stm32f1xx_hal.o
                0x2000001c                uwTickPrio
 .data.uwTickFreq
                0x20000020        0x1 ./Drivers/STM32F1xx_HAL_Driver/Src/stm32f1xx_hal.o
                0x20000020                uwTickFreq
 *(.RamFunc)
 *(.RamFunc*)
                0x20000024                        . = ALIGN (0x4)
 *fill*         0x20000021        0x3 
                0x20000024                        _edata = .

.igot.plt       0x20000024        0x0 load address 0x08006178
 .igot.plt      0x20000024        0x0 C:/ST/STM32CubeIDE_2.1.1/STM32CubeIDE/plugins/com.st.stm32cube.ide.mcu.externaltools.gnu-tools-for-stm32.14.3.rel1.win32_1.0.100.202602081740/tools/bin/../lib/gcc/arm-none-eabi/14.3.1/thumb/v7-m/nofp/crtbegin.o
                0x20000024                        . = ALIGN (0x4)

.bss            0x20000024      0x39c load address 0x08006178
                0x20000024                        _sbss = .
                0x20000024                        __bss_start__ = _sbss
 *(.bss)
 .bss           0x20000024       0x1c C:/ST/STM32CubeIDE_2.1.1/STM32CubeIDE/plugins/com.st.stm32cube.ide.mcu.externaltools.gnu-tools-for-stm32.14.3.rel1.win32_1.0.100.202602081740/tools/bin/../lib/gcc/arm-none-eabi/14.3.1/thumb/v7-m/nofp/crtbegin.o
 *(.bss*)
 .bss.EEPROM_SPI
                0x20000040        0x4 ./Core/Src/Eeprom.o
 .bss.hadc1     0x20000044       0x30 ./Core/Src/adc.o
                0x20000044                hadc1
 .bss.hdma_adc1
                0x20000074       0x44 ./Core/Src/adc.o
                0x20000074                hdma_adc1
 .bss.System    0x200000b8        0x1 ./Core/Src/main.o
                0x200000b8                System
 .bss.Menu      0x200000b9        0x1 ./Core/Src/main.o
                0x200000b9                Menu
 .bss.TimerBeep
                0x200000ba        0x2 ./Core/Src/main.o
                0x200000ba                TimerBeep
 .bss.TimerStart
                0x200000bc        0x2 ./Core/Src/main.o
                0x200000bc                TimerStart
 .bss.TimerSec  0x200000be        0x2 ./Core/Src/main.o
                0x200000be                TimerSec
 .bss.TemperatureIn
                0x200000c0        0x4 ./Core/Src/main.o
                0x200000c0                TemperatureIn
 .bss.MeanPointer
                0x200000c4        0x1 ./Core/Src/main.o
                0x200000c4                MeanPointer
 *fill*         0x200000c5        0x3 
 .bss.TemperatureMeasure
                0x200000c8        0x4 ./Core/Src/main.o
                0x200000c8                TemperatureMeasure
 .bss.SupplyVoltage
                0x200000cc        0x2 ./Core/Src/main.o
                0x200000cc                SupplyVoltage
 *fill*         0x200000ce        0x2 
 .bss.AdResult  0x200000d0       0x10 ./Core/Src/main.o
                0x200000d0                AdResult
 .bss.AdArray0  0x200000e0       0x82 ./Core/Src/main.o
                0x200000e0                AdArray0
 *fill*         0x20000162        0x2 
 .bss.AdArray1  0x20000164       0x82 ./Core/Src/main.o
                0x20000164                AdArray1
 *fill*         0x200001e6        0x2 
 .bss.AdArray2  0x200001e8       0x82 ./Core/Src/main.o
                0x200001e8                AdArray2
 *fill*         0x2000026a        0x2 
 .bss.AdArray3  0x2000026c       0x82 ./Core/Src/main.o
                0x2000026c                AdArray3
 *fill*         0x200002ee        0x2 
 .bss.MeanAdd0  0x200002f0        0x4 ./Core/Src/main.o
                0x200002f0                MeanAdd0
 .bss.MeanAdd1  0x200002f4        0x4 ./Core/Src/main.o
                0x200002f4                MeanAdd1
 .bss.MeanAdd2  0x200002f8        0x4 ./Core/Src/main.o
                0x200002f8                MeanAdd2
 .bss.MeanAdd3  0x200002fc        0x4 ./Core/Src/main.o
                0x200002fc                MeanAdd3
 .bss.AdResult0
                0x20000300        0x2 ./Core/Src/main.o
                0x20000300                AdResult0
 .bss.AdResult1
                0x20000302        0x2 ./Core/Src/main.o
                0x20000302                AdResult1
 .bss.AdResult2
                0x20000304        0x2 ./Core/Src/main.o
                0x20000304                AdResult2
 .bss.AdResult3
                0x20000306        0x2 ./Core/Src/main.o
                0x20000306                AdResult3
 .bss.TemperatureSetStandby
                0x20000308        0x2 ./Core/Src/main.o
                0x20000308                TemperatureSetStandby
 .bss.TimerStandby
                0x2000030a        0x2 ./Core/Src/main.o
                0x2000030a                TimerStandby
 .bss.RegError  0x2000030c        0x2 ./Core/Src/main.o
                0x2000030c                RegError
 *fill*         0x2000030e        0x2 
 .bss.RegIntegral
                0x20000310        0x4 ./Core/Src/main.o
                0x20000310                RegIntegral
 .bss.HeaterPower
                0x20000314        0x2 ./Core/Src/main.o
                0x20000314                HeaterPower
 *fill*         0x20000316        0x2 
 .bss.EepromBuffer
                0x20000318       0x1e ./Core/Src/main.o
                0x20000318                EepromBuffer
 .bss.EepromStatus
                0x20000336        0x1 ./Core/Src/main.o
                0x20000336                EepromStatus
 .bss.Fault     0x20000337        0x1 ./Core/Src/main.o
                0x20000337                Fault
 .bss.PidHeartbeat
                0x20000338        0x4 ./Core/Src/main.o
                0x20000338                PidHeartbeat
 .bss.HeaterFaultSec
                0x2000033c        0x2 ./Core/Src/main.o
                0x2000033c                HeaterFaultSec
 *fill*         0x2000033e        0x2 
 .bss.AdcTicks  0x20000340        0x4 ./Core/Src/main.o
                0x20000340                AdcTicks
 .bss.last.1    0x20000344        0x4 ./Core/Src/main.o
 .bss.beepDiv.0
                0x20000348        0x1 ./Core/Src/main.o
 *fill*         0x20000349        0x3 
 .bss.hspi1     0x2000034c       0x58 ./Core/Src/spi.o
                0x2000034c                hspi1
 .bss.EncoderPrev
                0x200003a4        0x1 ./Core/Src/stm32f1xx_it.o
 .bss.EncoderAccum
                0x200003a5        0x1 ./Core/Src/stm32f1xx_it.o
 .bss.ButtonCount
                0x200003a6        0x1 ./Core/Src/stm32f1xx_it.o
 .bss.PidDivider
                0x200003a7        0x1 ./Core/Src/stm32f1xx_it.o
 .bss.MelodyPtr
                0x200003a8        0x4 ./Core/Src/stm32f1xx_it.o
 .bss.TempOkCount
                0x200003ac        0x2 ./Core/Src/stm32f1xx_it.o
 *fill*         0x200003ae        0x2 
 .bss.adcLast.2
                0x200003b0        0x4 ./Core/Src/stm32f1xx_it.o
 .bss.runawayCnt.1
                0x200003b4        0x2 ./Core/Src/stm32f1xx_it.o
 *fill*         0x200003b6        0x2 
 .bss.runawayRef.0
                0x200003b8        0x4 ./Core/Src/stm32f1xx_it.o
 .bss.uwTick    0x200003bc        0x4 ./Drivers/STM32F1xx_HAL_Driver/Src/stm32f1xx_hal.o
                0x200003bc                uwTick
 *(COMMON)
                0x200003c0                        . = ALIGN (0x4)
                0x200003c0                        _ebss = .
                0x200003c0                        __bss_end__ = _ebss

._user_heap_stack
                0x200003c0      0x600 load address 0x08006178
                0x200003c0                        . = ALIGN (0x8)
                [!provide]                        PROVIDE (end = .)
                0x200003c0                        PROVIDE (_end = .)
                0x200005c0                        . = (. + _Min_Heap_Size)
 *fill*         0x200003c0      0x200 
                0x200009c0                        . = (. + _Min_Stack_Size)
 *fill*         0x200005c0      0x400 
                0x200009c0                        . = ALIGN (0x8)

/DISCARD/
 libc.a(*)
 libm.a(*)
 libgcc.a(*)

.ARM.attributes
                0x00000000       0x29
 *(.ARM.attributes)
 .ARM.attributes
                0x00000000       0x1d C:/ST/STM32CubeIDE_2.1.1/STM32CubeIDE/plugins/com.st.stm32cube.ide.mcu.externaltools.gnu-tools-for-stm32.14.3.rel1.win32_1.0.100.202602081740/tools/bin/../lib/gcc/arm-none-eabi/14.3.1/thumb/v7-m/nofp/crti.o
 .ARM.attributes
                0x0000001d       0x2d C:/ST/STM32CubeIDE_2.1.1/STM32CubeIDE/plugins/com.st.stm32cube.ide.mcu.externaltools.gnu-tools-for-stm32.14.3.rel1.win32_1.0.100.202602081740/tools/bin/../lib/gcc/arm-none-eabi/14.3.1/thumb/v7-m/nofp/crtbegin.o
 .ARM.attributes
                0x0000004a       0x2d ./Core/Src/Eeprom.o
 .ARM.attributes
                0x00000077       0x2d ./Core/Src/HD44780.o
 .ARM.attributes
                0x000000a4       0x2d ./Core/Src/adc.o
 .ARM.attributes
                0x000000d1       0x2d ./Core/Src/dma.o
 .ARM.attributes
                0x000000fe       0x2d ./Core/Src/gpio.o
 .ARM.attributes
                0x0000012b       0x2d ./Core/Src/main.o
 .ARM.attributes
                0x00000158       0x2d ./Core/Src/spi.o
 .ARM.attributes
                0x00000185       0x2d ./Core/Src/stm32f1xx_hal_msp.o
 .ARM.attributes
                0x000001b2       0x2d ./Core/Src/stm32f1xx_it.o
 .ARM.attributes
                0x000001df       0x2d ./Core/Src/system_stm32f1xx.o
 .ARM.attributes
                0x0000020c       0x2d ./Core/Src/tim.o
 .ARM.attributes
                0x00000239       0x21 ./Core/Startup/startup_stm32f103c8tx.o
 .ARM.attributes
                0x0000025a       0x2d ./Drivers/STM32F1xx_HAL_Driver/Src/stm32f1xx_hal.o
 .ARM.attributes
                0x00000287       0x2d ./Drivers/STM32F1xx_HAL_Driver/Src/stm32f1xx_hal_adc.o
 .ARM.attributes
                0x000002b4       0x2d ./Drivers/STM32F1xx_HAL_Driver/Src/stm32f1xx_hal_cortex.o
 .ARM.attributes
                0x000002e1       0x2d ./Drivers/STM32F1xx_HAL_Driver/Src/stm32f1xx_hal_dma.o
 .ARM.attributes
                0x0000030e       0x2d ./Drivers/STM32F1xx_HAL_Driver/Src/stm32f1xx_hal_gpio.o
 .ARM.attributes
                0x0000033b       0x2d ./Drivers/STM32F1xx_HAL_Driver/Src/stm32f1xx_hal_spi.o
 .ARM.attributes
                0x00000368       0x2d ./Drivers/STM32F1xx_HAL_Driver/Src/stm32f1xx_ll_exti.o
 .ARM.attributes
                0x00000395       0x2d ./Drivers/STM32F1xx_HAL_Driver/Src/stm32f1xx_ll_gpio.o
 .ARM.attributes
                0x000003c2       0x2d ./Drivers/STM32F1xx_HAL_Driver/Src/stm32f1xx_ll_tim.o
 .ARM.attributes
                0x000003ef       0x2d ./Drivers/STM32F1xx_HAL_Driver/Src/stm32f1xx_ll_utils.o
 .ARM.attributes
                0x0000041c       0x2d C:/ST/STM32CubeIDE_2.1.1/STM32CubeIDE/plugins/com.st.stm32cube.ide.mcu.externaltools.gnu-tools-for-stm32.14.3.rel1.win32_1.0.100.202602081740/tools/bin/../lib/gcc/arm-none-eabi/14.3.1/../../../../arm-none-eabi/lib/thumb/v7-m/nofp\libc_nano.a(libc_a-memset.o)
 .ARM.attributes
                0x00000449       0x2d C:/ST/STM32CubeIDE_2.1.1/STM32CubeIDE/plugins/com.st.stm32cube.ide.mcu.externaltools.gnu-tools-for-stm32.14.3.rel1.win32_1.0.100.202602081740/tools/bin/../lib/gcc/arm-none-eabi/14.3.1/../../../../arm-none-eabi/lib/thumb/v7-m/nofp\libc_nano.a(libc_a-init.o)
 .ARM.attributes
                0x00000476       0x1d C:/ST/STM32CubeIDE_2.1.1/STM32CubeIDE/plugins/com.st.stm32cube.ide.mcu.externaltools.gnu-tools-for-stm32.14.3.rel1.win32_1.0.100.202602081740/tools/bin/../lib/gcc/arm-none-eabi/14.3.1/thumb/v7-m/nofp\libgcc.a(_aeabi_uldivmod.o)
 .ARM.attributes
                0x00000493       0x2d C:/ST/STM32CubeIDE_2.1.1/STM32CubeIDE/plugins/com.st.stm32cube.ide.mcu.externaltools.gnu-tools-for-stm32.14.3.rel1.win32_1.0.100.202602081740/tools/bin/../lib/gcc/arm-none-eabi/14.3.1/thumb/v7-m/nofp\libgcc.a(_udivmoddi4.o)
 .ARM.attributes
                0x000004c0       0x1d C:/ST/STM32CubeIDE_2.1.1/STM32CubeIDE/plugins/com.st.stm32cube.ide.mcu.externaltools.gnu-tools-for-stm32.14.3.rel1.win32_1.0.100.202602081740/tools/bin/../lib/gcc/arm-none-eabi/14.3.1/thumb/v7-m/nofp\libgcc.a(_dvmd_tls.o)
 .ARM.attributes
                0x000004dd       0x1d C:/ST/STM32CubeIDE_2.1.1/STM32CubeIDE/plugins/com.st.stm32cube.ide.mcu.externaltools.gnu-tools-for-stm32.14.3.rel1.win32_1.0.100.202602081740/tools/bin/../lib/gcc/arm-none-eabi/14.3.1/thumb/v7-m/nofp/crtn.o
OUTPUT(F103_Soldering.elf elf32-littlearm)
LOAD linker stubs
LOAD C:/ST/STM32CubeIDE_2.1.1/STM32CubeIDE/plugins/com.st.stm32cube.ide.mcu.externaltools.gnu-tools-for-stm32.14.3.rel1.win32_1.0.100.202602081740/tools/bin/../lib/gcc/arm-none-eabi/14.3.1/../../../../arm-none-eabi/lib/thumb/v7-m/nofp\libc.a
LOAD C:/ST/STM32CubeIDE_2.1.1/STM32CubeIDE/plugins/com.st.stm32cube.ide.mcu.externaltools.gnu-tools-for-stm32.14.3.rel1.win32_1.0.100.202602081740/tools/bin/../lib/gcc/arm-none-eabi/14.3.1/../../../../arm-none-eabi/lib/thumb/v7-m/nofp\libm.a
LOAD C:/ST/STM32CubeIDE_2.1.1/STM32CubeIDE/plugins/com.st.stm32cube.ide.mcu.externaltools.gnu-tools-for-stm32.14.3.rel1.win32_1.0.100.202602081740/tools/bin/../lib/gcc/arm-none-eabi/14.3.1/thumb/v7-m/nofp\libgcc.a

.debug_info     0x00000000     0xbd8e
 .debug_info    0x00000000      0xa0d ./Core/Src/Eeprom.o
 .debug_info    0x00000a0d      0x4e4 ./Core/Src/HD44780.o
 .debug_info    0x00000ef1      0x89e ./Core/Src/adc.o
 .debug_info    0x0000178f      0x36d ./Core/Src/dma.o
 .debug_info    0x00001afc      0xb81 ./Core/Src/gpio.o
 .debug_info    0x0000267d     0x1760 ./Core/Src/main.o
 .debug_info    0x00003ddd      0x840 ./Core/Src/spi.o
 .debug_info    0x0000461d      0x295 ./Core/Src/stm32f1xx_hal_msp.o
 .debug_info    0x000048b2      0xc55 ./Core/Src/stm32f1xx_it.o
 .debug_info    0x00005507      0x222 ./Core/Src/system_stm32f1xx.o
 .debug_info    0x00005729      0x8cd ./Core/Src/tim.o
 .debug_info    0x00005ff6       0x30 ./Core/Startup/startup_stm32f103c8tx.o
 .debug_info    0x00006026      0x704 ./Drivers/STM32F1xx_HAL_Driver/Src/stm32f1xx_hal.o
 .debug_info    0x0000672a      0xc50 ./Drivers/STM32F1xx_HAL_Driver/Src/stm32f1xx_hal_adc.o
 .debug_info    0x0000737a      0xa87 ./Drivers/STM32F1xx_HAL_Driver/Src/stm32f1xx_hal_cortex.o
 .debug_info    0x00007e01      0x6d2 ./Drivers/STM32F1xx_HAL_Driver/Src/stm32f1xx_hal_dma.o
 .debug_info    0x000084d3      0x5ab ./Drivers/STM32F1xx_HAL_Driver/Src/stm32f1xx_hal_gpio.o
 .debug_info    0x00008a7e     0x142d ./Drivers/STM32F1xx_HAL_Driver/Src/stm32f1xx_hal_spi.o
 .debug_info    0x00009eab      0x337 ./Drivers/STM32F1xx_HAL_Driver/Src/stm32f1xx_ll_exti.o
 .debug_info    0x0000a1e2      0x5a1 ./Drivers/STM32F1xx_HAL_Driver/Src/stm32f1xx_ll_gpio.o
 .debug_info    0x0000a783      0xe23 ./Drivers/STM32F1xx_HAL_Driver/Src/stm32f1xx_ll_tim.o
 .debug_info    0x0000b5a6      0x7e8 ./Drivers/STM32F1xx_HAL_Driver/Src/stm32f1xx_ll_utils.o

.debug_abbrev   0x00000000     0x2ad5
 .debug_abbrev  0x00000000      0x23b ./Core/Src/Eeprom.o
 .debug_abbrev  0x0000023b      0x1db ./Core/Src/HD44780.o
 .debug_abbrev  0x00000416      0x20a ./Core/Src/adc.o
 .debug_abbrev  0x00000620      0x115 ./Core/Src/dma.o
 .debug_abbrev  0x00000735      0x270 ./Core/Src/gpio.o
 .debug_abbrev  0x000009a5      0x2e8 ./Core/Src/main.o
 .debug_abbrev  0x00000c8d      0x1f8 ./Core/Src/spi.o
 .debug_abbrev  0x00000e85       0xe0 ./Core/Src/stm32f1xx_hal_msp.o
 .debug_abbrev  0x00000f65      0x2ff ./Core/Src/stm32f1xx_it.o
 .debug_abbrev  0x00001264      0x13f ./Core/Src/system_stm32f1xx.o
 .debug_abbrev  0x000013a3      0x1ae ./Core/Src/tim.o
 .debug_abbrev  0x00001551       0x24 ./Core/Startup/startup_stm32f103c8tx.o
 .debug_abbrev  0x00001575      0x201 ./Drivers/STM32F1xx_HAL_Driver/Src/stm32f1xx_hal.o
 .debug_abbrev  0x00001776      0x225 ./Drivers/STM32F1xx_HAL_Driver/Src/stm32f1xx_hal_adc.o
 .debug_abbrev  0x0000199b      0x2f8 ./Drivers/STM32F1xx_HAL_Driver/Src/stm32f1xx_hal_cortex.o
 .debug_abbrev  0x00001c93      0x20b ./Drivers/STM32F1xx_HAL_Driver/Src/stm32f1xx_hal_dma.o
 .debug_abbrev  0x00001e9e      0x1ca ./Drivers/STM32F1xx_HAL_Driver/Src/stm32f1xx_hal_gpio.o
 .debug_abbrev  0x00002068      0x27a ./Drivers/STM32F1xx_HAL_Driver/Src/stm32f1xx_hal_spi.o
 .debug_abbrev  0x000022e2      0x18a ./Drivers/STM32F1xx_HAL_Driver/Src/stm32f1xx_ll_exti.o
 .debug_abbrev  0x0000246c      0x20d ./Drivers/STM32F1xx_HAL_Driver/Src/stm32f1xx_ll_gpio.o
 .debug_abbrev  0x00002679      0x20e ./Drivers/STM32F1xx_HAL_Driver/Src/stm32f1xx_ll_tim.o
 .debug_abbrev  0x00002887      0x24e ./Drivers/STM32F1xx_HAL_Driver/Src/stm32f1xx_ll_utils.o

.debug_aranges  0x00000000      0xd20
 .debug_aranges
                0x00000000       0x70 ./Core/Src/Eeprom.o
 .debug_aranges
                0x00000070       0x98 ./Core/Src/HD44780.o
 .debug_aranges
                0x00000108       0x30 ./Core/Src/adc.o
 .debug_aranges
                0x00000138       0x20 ./Core/Src/dma.o
 .debug_aranges
                0x00000158       0x70 ./Core/Src/gpio.o
 .debug_aranges
                0x000001c8      0x110 ./Core/Src/main.o
 .debug_aranges
                0x000002d8       0x30 ./Core/Src/spi.o
 .debug_aranges
                0x00000308       0x20 ./Core/Src/stm32f1xx_hal_msp.o
 .debug_aranges
                0x00000328       0xd0 ./Core/Src/stm32f1xx_it.o
 .debug_aranges
                0x000003f8       0x28 ./Core/Src/system_stm32f1xx.o
 .debug_aranges
                0x00000420       0x70 ./Core/Src/tim.o
 .debug_aranges
                0x00000490       0x28 ./Core/Startup/startup_stm32f103c8tx.o
 .debug_aranges
                0x000004b8       0xe0 ./Drivers/STM32F1xx_HAL_Driver/Src/stm32f1xx_hal.o
 .debug_aranges
                0x00000598       0xf0 ./Drivers/STM32F1xx_HAL_Driver/Src/stm32f1xx_hal_adc.o
 .debug_aranges
                0x00000688      0x100 ./Drivers/STM32F1xx_HAL_Driver/Src/stm32f1xx_hal_cortex.o
 .debug_aranges
                0x00000788       0x80 ./Drivers/STM32F1xx_HAL_Driver/Src/stm32f1xx_hal_dma.o
 .debug_aranges
                0x00000808       0x58 ./Drivers/STM32F1xx_HAL_Driver/Src/stm32f1xx_hal_gpio.o
 .debug_aranges
                0x00000860      0x1d0 ./Drivers/STM32F1xx_HAL_Driver/Src/stm32f1xx_hal_spi.o
 .debug_aranges
                0x00000a30       0x70 ./Drivers/STM32F1xx_HAL_Driver/Src/stm32f1xx_ll_exti.o
 .debug_aranges
                0x00000aa0       0x60 ./Drivers/STM32F1xx_HAL_Driver/Src/stm32f1xx_ll_gpio.o
 .debug_aranges
                0x00000b00      0x128 ./Drivers/STM32F1xx_HAL_Driver/Src/stm32f1xx_ll_tim.o
 .debug_aranges
                0x00000c28       0xf8 ./Drivers/STM32F1xx_HAL_Driver/Src/stm32f1xx_ll_utils.o

.debug_rnglists
                0x00000000      0x9c3
 .debug_rnglists
                0x00000000       0x53 ./Core/Src/Eeprom.o
 .debug_rnglists
                0x00000053       0x70 ./Core/Src/HD44780.o
 .debug_rnglists
                0x000000c3       0x21 ./Core/Src/adc.o
 .debug_rnglists
                0x000000e4       0x13 ./Core/Src/dma.o
 .debug_rnglists
                0x000000f7       0x50 ./Core/Src/gpio.o
 .debug_rnglists
                0x00000147       0xcb ./Core/Src/main.o
 .debug_rnglists
                0x00000212       0x20 ./Core/Src/spi.o
 .debug_rnglists
                0x00000232       0x13 ./Core/Src/stm32f1xx_hal_msp.o
 .debug_rnglists
                0x00000245       0x9d ./Core/Src/stm32f1xx_it.o
 .debug_rnglists
                0x000002e2       0x1a ./Core/Src/system_stm32f1xx.o
 .debug_rnglists
                0x000002fc       0x53 ./Core/Src/tim.o
 .debug_rnglists
                0x0000034f       0x19 ./Core/Startup/startup_stm32f103c8tx.o
 .debug_rnglists
                0x00000368       0xa3 ./Drivers/STM32F1xx_HAL_Driver/Src/stm32f1xx_hal.o
 .debug_rnglists
                0x0000040b       0xbc ./Drivers/STM32F1xx_HAL_Driver/Src/stm32f1xx_hal_adc.o
 .debug_rnglists
                0x000004c7       0xbb ./Drivers/STM32F1xx_HAL_Driver/Src/stm32f1xx_hal_cortex.o
 .debug_rnglists
                0x00000582       0x64 ./Drivers/STM32F1xx_HAL_Driver/Src/stm32f1xx_hal_dma.o
 .debug_rnglists
                0x000005e6       0x3f ./Drivers/STM32F1xx_HAL_Driver/Src/stm32f1xx_hal_gpio.o
 .debug_rnglists
                0x00000625      0x16e ./Drivers/STM32F1xx_HAL_Driver/Src/stm32f1xx_hal_spi.o
 .debug_rnglists
                0x00000793       0x50 ./Drivers/STM32F1xx_HAL_Driver/Src/stm32f1xx_ll_exti.o
 .debug_rnglists
                0x000007e3       0x45 ./Drivers/STM32F1xx_HAL_Driver/Src/stm32f1xx_ll_gpio.o
 .debug_rnglists
                0x00000828       0xe4 ./Drivers/STM32F1xx_HAL_Driver/Src/stm32f1xx_ll_tim.o
 .debug_rnglists
                0x0000090c       0xb7 ./Drivers/STM32F1xx_HAL_Driver/Src/stm32f1xx_ll_utils.o

.debug_macro    0x00000000    0x1981e
 .debug_macro   0x00000000      0x21a ./Core/Src/Eeprom.o
 .debug_macro   0x0000021a      0xad2 ./Core/Src/Eeprom.o
 .debug_macro   0x00000cec      0x21b ./Core/Src/Eeprom.o
 .debug_macro   0x00000f07       0x2e ./Core/Src/Eeprom.o
 .debug_macro   0x00000f35       0x22 ./Core/Src/Eeprom.o
 .debug_macro   0x00000f57       0x22 ./Core/Src/Eeprom.o
 .debug_macro   0x00000f79       0x8e ./Core/Src/Eeprom.o
 .debug_macro   0x00001007       0x51 ./Core/Src/Eeprom.o
 .debug_macro   0x00001058      0x103 ./Core/Src/Eeprom.o
 .debug_macro   0x0000115b       0x6a ./Core/Src/Eeprom.o
 .debug_macro   0x000011c5      0x1df ./Core/Src/Eeprom.o
 .debug_macro   0x000013a4       0x1c ./Core/Src/Eeprom.o
 .debug_macro   0x000013c0       0x22 ./Core/Src/Eeprom.o
 .debug_macro   0x000013e2       0xbd ./Core/Src/Eeprom.o
 .debug_macro   0x0000149f      0xd23 ./Core/Src/Eeprom.o
 .debug_macro   0x000021c2     0xe09e ./Core/Src/Eeprom.o
 .debug_macro   0x00010260       0x6d ./Core/Src/Eeprom.o
 .debug_macro   0x000102cd     0x34a2 ./Core/Src/Eeprom.o
 .debug_macro   0x0001376f      0x190 ./Core/Src/Eeprom.o
 .debug_macro   0x000138ff       0x5c ./Core/Src/Eeprom.o
 .debug_macro   0x0001395b      0x5bc ./Core/Src/Eeprom.o
 .debug_macro   0x00013f17      0x289 ./Core/Src/Eeprom.o
 .debug_macro   0x000141a0      0x1cb ./Core/Src/Eeprom.o
 .debug_macro   0x0001436b      0x114 ./Core/Src/Eeprom.o
 .debug_macro   0x0001447f      0x1b2 ./Core/Src/Eeprom.o
 .debug_macro   0x00014631       0x27 ./Core/Src/Eeprom.o
 .debug_macro   0x00014658      0x136 ./Core/Src/Eeprom.o
 .debug_macro   0x0001478e      0x1bc ./Core/Src/Eeprom.o
 .debug_macro   0x0001494a       0x34 ./Core/Src/Eeprom.o
 .debug_macro   0x0001497e       0x3c ./Core/Src/Eeprom.o
 .debug_macro   0x000149ba       0x57 ./Core/Src/Eeprom.o
 .debug_macro   0x00014a11      0x46a ./Core/Src/Eeprom.o
 .debug_macro   0x00014e7b      0x1b5 ./Core/Src/Eeprom.o
 .debug_macro   0x00015030       0x87 ./Core/Src/Eeprom.o
 .debug_macro   0x000150b7      0x240 ./Core/Src/Eeprom.o
 .debug_macro   0x000152f7      0x140 ./Core/Src/Eeprom.o
 .debug_macro   0x00015437      0x217 ./Core/Src/Eeprom.o
 .debug_macro   0x0001564e       0x83 ./Core/Src/Eeprom.o
 .debug_macro   0x000156d1      0x2be ./Core/Src/Eeprom.o
 .debug_macro   0x0001598f       0xd7 ./Core/Src/Eeprom.o
 .debug_macro   0x00015a66       0x74 ./Core/Src/Eeprom.o
 .debug_macro   0x00015ada       0xd0 ./Core/Src/Eeprom.o
 .debug_macro   0x00015baa       0x28 ./Core/Src/Eeprom.o
 .debug_macro   0x00015bd2       0x2a ./Core/Src/Eeprom.o
 .debug_macro   0x00015bfc       0x90 ./Core/Src/Eeprom.o
 .debug_macro   0x00015c8c      0x287 ./Core/Src/Eeprom.o
 .debug_macro   0x00015f13      0x57a ./Core/Src/Eeprom.o
 .debug_macro   0x0001648d      0x229 ./Core/Src/Eeprom.o
 .debug_macro   0x000166b6      0x140 ./Core/Src/Eeprom.o
 .debug_macro   0x000167f6       0x40 ./Core/Src/Eeprom.o
 .debug_macro   0x00016836      0x219 ./Core/Src/HD44780.o
 .debug_macro   0x00016a4f      0x215 ./Core/Src/adc.o
 .debug_macro   0x00016c64      0x215 ./Core/Src/dma.o
 .debug_macro   0x00016e79      0x215 ./Core/Src/gpio.o
 .debug_macro   0x0001708e      0x272 ./Core/Src/main.o
 .debug_macro   0x00017300       0x46 ./Core/Src/main.o
 .debug_macro   0x00017346      0x215 ./Core/Src/spi.o
 .debug_macro   0x0001755b      0x20b ./Core/Src/stm32f1xx_hal_msp.o
 .debug_macro   0x00017766      0x22d ./Core/Src/stm32f1xx_it.o
 .debug_macro   0x00017993      0x1a2 ./Core/Src/system_stm32f1xx.o
 .debug_macro   0x00017b35      0x215 ./Core/Src/tim.o
 .debug_macro   0x00017d4a      0x1c6 ./Drivers/STM32F1xx_HAL_Driver/Src/stm32f1xx_hal.o
 .debug_macro   0x00017f10      0x1bf ./Drivers/STM32F1xx_HAL_Driver/Src/stm32f1xx_hal_adc.o
 .debug_macro   0x000180cf      0x1a2 ./Drivers/STM32F1xx_HAL_Driver/Src/stm32f1xx_hal_cortex.o
 .debug_macro   0x00018271      0x1a2 ./Drivers/STM32F1xx_HAL_Driver/Src/stm32f1xx_hal_dma.o
 .debug_macro   0x00018413      0x20d ./Drivers/STM32F1xx_HAL_Driver/Src/stm32f1xx_hal_gpio.o
 .debug_macro   0x00018620      0x1aa ./Drivers/STM32F1xx_HAL_Driver/Src/stm32f1xx_hal_spi.o
 .debug_macro   0x000187ca      0x1c9 ./Drivers/STM32F1xx_HAL_Driver/Src/stm32f1xx_ll_exti.o
 .debug_macro   0x00018993       0xca ./Drivers/STM32F1xx_HAL_Driver/Src/stm32f1xx_ll_exti.o
 .debug_macro   0x00018a5d      0x1de ./Drivers/STM32F1xx_HAL_Driver/Src/stm32f1xx_ll_gpio.o
 .debug_macro   0x00018c3b      0x223 ./Drivers/STM32F1xx_HAL_Driver/Src/stm32f1xx_ll_gpio.o
 .debug_macro   0x00018e5e      0x22d ./Drivers/STM32F1xx_HAL_Driver/Src/stm32f1xx_ll_tim.o
 .debug_macro   0x0001908b      0x574 ./Drivers/STM32F1xx_HAL_Driver/Src/stm32f1xx_ll_tim.o
 .debug_macro   0x000195ff      0x21f ./Drivers/STM32F1xx_HAL_Driver/Src/stm32f1xx_ll_utils.o

.debug_line     0x00000000     0xf51e
 .debug_line    0x00000000      0xade ./Core/Src/Eeprom.o
 .debug_line    0x00000ade      0xad0 ./Core/Src/HD44780.o
 .debug_line    0x000015ae      0x8bd ./Core/Src/adc.o
 .debug_line    0x00001e6b      0x7e1 ./Core/Src/dma.o
 .debug_line    0x0000264c      0xa52 ./Core/Src/gpio.o
 .debug_line    0x0000309e      0xe51 ./Core/Src/main.o
 .debug_line    0x00003eef      0x861 ./Core/Src/spi.o
 .debug_line    0x00004750      0x7e6 ./Core/Src/stm32f1xx_hal_msp.o
 .debug_line    0x00004f36     0x1006 ./Core/Src/stm32f1xx_it.o
 .debug_line    0x00005f3c      0x77e ./Core/Src/system_stm32f1xx.o
 .debug_line    0x000066ba      0xa3e ./Core/Src/tim.o
 .debug_line    0x000070f8       0x78 ./Core/Startup/startup_stm32f103c8tx.o
 .debug_line    0x00007170      0x9b2 ./Drivers/STM32F1xx_HAL_Driver/Src/stm32f1xx_hal.o
 .debug_line    0x00007b22      0xfd4 ./Drivers/STM32F1xx_HAL_Driver/Src/stm32f1xx_hal_adc.o
 .debug_line    0x00008af6      0xb79 ./Drivers/STM32F1xx_HAL_Driver/Src/stm32f1xx_hal_cortex.o
 .debug_line    0x0000966f      0xdb9 ./Drivers/STM32F1xx_HAL_Driver/Src/stm32f1xx_hal_dma.o
 .debug_line    0x0000a428      0xa09 ./Drivers/STM32F1xx_HAL_Driver/Src/stm32f1xx_hal_gpio.o
 .debug_line    0x0000ae31     0x1c46 ./Drivers/STM32F1xx_HAL_Driver/Src/stm32f1xx_hal_spi.o
 .debug_line    0x0000ca77      0x878 ./Drivers/STM32F1xx_HAL_Driver/Src/stm32f1xx_ll_exti.o
 .debug_line    0x0000d2ef      0x9c0 ./Drivers/STM32F1xx_HAL_Driver/Src/stm32f1xx_ll_gpio.o
 .debug_line    0x0000dcaf      0xcd4 ./Drivers/STM32F1xx_HAL_Driver/Src/stm32f1xx_ll_tim.o
 .debug_line    0x0000e983      0xb9b ./Drivers/STM32F1xx_HAL_Driver/Src/stm32f1xx_ll_utils.o

.debug_str      0x00000000    0x8cea3
 .debug_str     0x00000000    0x8cea3 ./Core/Src/Eeprom.o
                              0x8896c (size before relaxing)
 .debug_str     0x0008cea3    0x88396 ./Core/Src/HD44780.o
 .debug_str     0x0008cea3    0x886d7 ./Core/Src/adc.o
 .debug_str     0x0008cea3    0x8856a ./Core/Src/dma.o
 .debug_str     0x0008cea3    0x8889a ./Core/Src/gpio.o
 .debug_str     0x0008cea3    0x890ce ./Core/Src/main.o
 .debug_str     0x0008cea3    0x8870b ./Core/Src/spi.o
 .debug_str     0x0008cea3    0x88294 ./Core/Src/stm32f1xx_hal_msp.o
 .debug_str     0x0008cea3    0x889ab ./Core/Src/stm32f1xx_it.o
 .debug_str     0x0008cea3    0x80c45 ./Core/Src/system_stm32f1xx.o
 .debug_str     0x0008cea3    0x88622 ./Core/Src/tim.o
 .debug_str     0x0008cea3       0x62 ./Core/Startup/startup_stm32f103c8tx.o
 .debug_str     0x0008cea3    0x81378 ./Drivers/STM32F1xx_HAL_Driver/Src/stm32f1xx_hal.o
 .debug_str     0x0008cea3    0x81329 ./Drivers/STM32F1xx_HAL_Driver/Src/stm32f1xx_hal_adc.o
 .debug_str     0x0008cea3    0x812c4 ./Drivers/STM32F1xx_HAL_Driver/Src/stm32f1xx_hal_cortex.o
 .debug_str     0x0008cea3    0x80fee ./Drivers/STM32F1xx_HAL_Driver/Src/stm32f1xx_hal_dma.o
 .debug_str     0x0008cea3    0x80fcb ./Drivers/STM32F1xx_HAL_Driver/Src/stm32f1xx_hal_gpio.o
 .debug_str     0x0008cea3    0x8156b ./Drivers/STM32F1xx_HAL_Driver/Src/stm32f1xx_hal_spi.o
 .debug_str     0x0008cea3    0x8134c ./Drivers/STM32F1xx_HAL_Driver/Src/stm32f1xx_ll_exti.o
 .debug_str     0x0008cea3    0x8256a ./Drivers/STM32F1xx_HAL_Driver/Src/stm32f1xx_ll_gpio.o
 .debug_str     0x0008cea3    0x852c3 ./Drivers/STM32F1xx_HAL_Driver/Src/stm32f1xx_ll_tim.o
 .debug_str     0x0008cea3    0x82de6 ./Drivers/STM32F1xx_HAL_Driver/Src/stm32f1xx_ll_utils.o

.comment        0x00000000       0x43
 .comment       0x00000000       0x43 ./Core/Src/Eeprom.o
                                 0x44 (size before relaxing)
 .comment       0x00000043       0x44 ./Core/Src/HD44780.o
 .comment       0x00000043       0x44 ./Core/Src/adc.o
 .comment       0x00000043       0x44 ./Core/Src/dma.o
 .comment       0x00000043       0x44 ./Core/Src/gpio.o
 .comment       0x00000043       0x44 ./Core/Src/main.o
 .comment       0x00000043       0x44 ./Core/Src/spi.o
 .comment       0x00000043       0x44 ./Core/Src/stm32f1xx_hal_msp.o
 .comment       0x00000043       0x44 ./Core/Src/stm32f1xx_it.o
 .comment       0x00000043       0x44 ./Core/Src/system_stm32f1xx.o
 .comment       0x00000043       0x44 ./Core/Src/tim.o
 .comment       0x00000043       0x44 ./Drivers/STM32F1xx_HAL_Driver/Src/stm32f1xx_hal.o
 .comment       0x00000043       0x44 ./Drivers/STM32F1xx_HAL_Driver/Src/stm32f1xx_hal_adc.o
 .comment       0x00000043       0x44 ./Drivers/STM32F1xx_HAL_Driver/Src/stm32f1xx_hal_cortex.o
 .comment       0x00000043       0x44 ./Drivers/STM32F1xx_HAL_Driver/Src/stm32f1xx_hal_dma.o
 .comment       0x00000043       0x44 ./Drivers/STM32F1xx_HAL_Driver/Src/stm32f1xx_hal_gpio.o
 .comment       0x00000043       0x44 ./Drivers/STM32F1xx_HAL_Driver/Src/stm32f1xx_hal_spi.o
 .comment       0x00000043       0x44 ./Drivers/STM32F1xx_HAL_Driver/Src/stm32f1xx_ll_exti.o
 .comment       0x00000043       0x44 ./Drivers/STM32F1xx_HAL_Driver/Src/stm32f1xx_ll_gpio.o
 .comment       0x00000043       0x44 ./Drivers/STM32F1xx_HAL_Driver/Src/stm32f1xx_ll_tim.o
 .comment       0x00000043       0x44 ./Drivers/STM32F1xx_HAL_Driver/Src/stm32f1xx_ll_utils.o

.debug_frame    0x00000000     0x3178
 .debug_frame   0x00000000      0x19c ./Core/Src/Eeprom.o
 .debug_frame   0x0000019c      0x244 ./Core/Src/HD44780.o
 .debug_frame   0x000003e0       0x7c ./Core/Src/adc.o
 .debug_frame   0x0000045c       0x34 ./Core/Src/dma.o
 .debug_frame   0x00000490      0x198 ./Core/Src/gpio.o
 .debug_frame   0x00000628      0x41c ./Core/Src/main.o
 .debug_frame   0x00000a44       0x74 ./Core/Src/spi.o
 .debug_frame   0x00000ab8       0x34 ./Core/Src/stm32f1xx_hal_msp.o
 .debug_frame   0x00000aec      0x2dc ./Core/Src/stm32f1xx_it.o
 .debug_frame   0x00000dc8       0x50 ./Core/Src/system_stm32f1xx.o
 .debug_frame   0x00000e18      0x194 ./Core/Src/tim.o
 .debug_frame   0x00000fac      0x2e4 ./Drivers/STM32F1xx_HAL_Driver/Src/stm32f1xx_hal.o
 .debug_frame   0x00001290      0x3e0 ./Drivers/STM32F1xx_HAL_Driver/Src/stm32f1xx_hal_adc.o
 .debug_frame   0x00001670      0x3f0 ./Drivers/STM32F1xx_HAL_Driver/Src/stm32f1xx_hal_cortex.o
 .debug_frame   0x00001a60      0x1e8 ./Drivers/STM32F1xx_HAL_Driver/Src/stm32f1xx_hal_dma.o
 .debug_frame   0x00001c48      0x130 ./Drivers/STM32F1xx_HAL_Driver/Src/stm32f1xx_hal_gpio.o
 .debug_frame   0x00001d78      0x7dc ./Drivers/STM32F1xx_HAL_Driver/Src/stm32f1xx_hal_spi.o
 .debug_frame   0x00002554      0x194 ./Drivers/STM32F1xx_HAL_Driver/Src/stm32f1xx_ll_exti.o
 .debug_frame   0x000026e8      0x160 ./Drivers/STM32F1xx_HAL_Driver/Src/stm32f1xx_ll_gpio.o
 .debug_frame   0x00002848      0x4d8 ./Drivers/STM32F1xx_HAL_Driver/Src/stm32f1xx_ll_tim.o
 .debug_frame   0x00002d20      0x3ac ./Drivers/STM32F1xx_HAL_Driver/Src/stm32f1xx_ll_utils.o
 .debug_frame   0x000030cc       0x20 C:/ST/STM32CubeIDE_2.1.1/STM32CubeIDE/plugins/com.st.stm32cube.ide.mcu.externaltools.gnu-tools-for-stm32.14.3.rel1.win32_1.0.100.202602081740/tools/bin/../lib/gcc/arm-none-eabi/14.3.1/../../../../arm-none-eabi/lib/thumb/v7-m/nofp\libc_nano.a(libc_a-memset.o)
 .debug_frame   0x000030ec       0x2c C:/ST/STM32CubeIDE_2.1.1/STM32CubeIDE/plugins/com.st.stm32cube.ide.mcu.externaltools.gnu-tools-for-stm32.14.3.rel1.win32_1.0.100.202602081740/tools/bin/../lib/gcc/arm-none-eabi/14.3.1/../../../../arm-none-eabi/lib/thumb/v7-m/nofp\libc_nano.a(libc_a-init.o)
 .debug_frame   0x00003118       0x2c C:/ST/STM32CubeIDE_2.1.1/STM32CubeIDE/plugins/com.st.stm32cube.ide.mcu.externaltools.gnu-tools-for-stm32.14.3.rel1.win32_1.0.100.202602081740/tools/bin/../lib/gcc/arm-none-eabi/14.3.1/thumb/v7-m/nofp\libgcc.a(_aeabi_uldivmod.o)
 .debug_frame   0x00003144       0x34 C:/ST/STM32CubeIDE_2.1.1/STM32CubeIDE/plugins/com.st.stm32cube.ide.mcu.externaltools.gnu-tools-for-stm32.14.3.rel1.win32_1.0.100.202602081740/tools/bin/../lib/gcc/arm-none-eabi/14.3.1/thumb/v7-m/nofp\libgcc.a(_udivmoddi4.o)

.debug_line_str
                0x00000000       0x46
 .debug_line_str
                0x00000000       0x46 ./Core/Startup/startup_stm32f103c8tx.o
