../Drivers/STM32F1xx_HAL_Driver/Inc/stm32f1xx_ll_rcc.h:838:22:LL_RCC_HSI_Enable	1
../Drivers/STM32F1xx_HAL_Driver/Inc/stm32f1xx_ll_rcc.h:858:26:LL_RCC_HSI_IsReady	1
../Drivers/STM32F1xx_HAL_Driver/Inc/stm32f1xx_ll_rcc.h:884:22:LL_RCC_HSI_SetCalibTrimming	1
../Drivers/STM32F1xx_HAL_Driver/Inc/stm32f1xx_ll_rcc.h:1012:22:LL_RCC_SetSysClkSource	1
../Drivers/STM32F1xx_HAL_Driver/Inc/stm32f1xx_ll_rcc.h:1025:26:LL_RCC_GetSysClkSource	1
../Drivers/STM32F1xx_HAL_Driver/Inc/stm32f1xx_ll_rcc.h:1045:22:LL_RCC_SetAHBPrescaler	1
../Drivers/STM32F1xx_HAL_Driver/Inc/stm32f1xx_ll_rcc.h:1061:22:LL_RCC_SetAPB1Prescaler	1
../Drivers/STM32F1xx_HAL_Driver/Inc/stm32f1xx_ll_rcc.h:1077:22:LL_RCC_SetAPB2Prescaler	1
../Drivers/STM32F1xx_HAL_Driver/Inc/stm32f1xx_ll_rcc.h:1221:22:LL_RCC_SetADCClockSource	1
../Drivers/STM32F1xx_HAL_Driver/Inc/stm32f1xx_ll_rcc.h:1385:22:LL_RCC_PLL_Enable	1
../Drivers/STM32F1xx_HAL_Driver/Inc/stm32f1xx_ll_rcc.h:1406:26:LL_RCC_PLL_IsReady	1
../Drivers/STM32F1xx_HAL_Driver/Inc/stm32f1xx_ll_rcc.h:1475:22:LL_RCC_PLL_ConfigDomain_SYS	1
../Drivers/STM32F1xx_HAL_Driver/Inc/stm32f1xx_ll_system.h:471:22:LL_FLASH_SetLatency	1
../Drivers/STM32F1xx_HAL_Driver/Inc/stm32f1xx_ll_system.h:484:26:LL_FLASH_GetLatency	1
../Drivers/STM32F1xx_HAL_Driver/Inc/stm32f1xx_ll_exti.h:301:22:LL_EXTI_DisableIT_0_31	1
../Drivers/STM32F1xx_HAL_Driver/Inc/stm32f1xx_ll_cortex.h:272:22:LL_SYSTICK_EnableIT	1
../Drivers/STM32F1xx_HAL_Driver/Inc/stm32f1xx_ll_tim.h:1054:22:LL_TIM_EnableCounter	1
../Drivers/STM32F1xx_HAL_Driver/Inc/stm32f1xx_ll_tim.h:1370:22:LL_TIM_SetAutoReload	1
../Drivers/STM32F1xx_HAL_Driver/Inc/stm32f1xx_ll_tim.h:1542:22:LL_TIM_CC_EnableChannel	1
../Drivers/STM32F1xx_HAL_Driver/Inc/stm32f1xx_ll_tim.h:2047:22:LL_TIM_OC_SetCompareCH1	1
../Drivers/STM32F1xx_HAL_Driver/Inc/stm32f1xx_ll_tim.h:2884:22:LL_TIM_EnableAllOutputs	1
../Drivers/STM32F1xx_HAL_Driver/Inc/stm32f1xx_ll_tim.h:3774:22:LL_TIM_GenerateEvent_UPDATE	1
../Drivers/STM32F1xx_HAL_Driver/Inc/stm32f1xx_ll_gpio.h:803:22:LL_GPIO_SetOutputPin	1
../Core/Src/main.c:139:5:main	26
../Core/Src/main.c:440:6:SystemClock_Config	6
../Core/Src/main.c:487:6:Beep	4
../Core/Src/main.c:517:13:Watchdog_Init	2
../Core/Src/main.c:530:13:Watchdog_Refresh	3
../Core/Src/main.c:543:13:Delay_Wd	2
../Core/Src/main.c:555:13:Display_Fault	6
../Core/Src/main.c:577:6:Error_Handler	1
