../Drivers/STM32F1xx_HAL_Driver/Inc/stm32f1xx_ll_exti.h:774:26:LL_EXTI_IsActiveFlag_0_31	16	static
../Drivers/STM32F1xx_HAL_Driver/Inc/stm32f1xx_ll_exti.h:842:22:LL_EXTI_ClearFlag_0_31	16	static
../Drivers/STM32F1xx_HAL_Driver/Inc/stm32f1xx_ll_tim.h:1065:22:LL_TIM_DisableCounter	16	static
../Drivers/STM32F1xx_HAL_Driver/Inc/stm32f1xx_ll_tim.h:2047:22:LL_TIM_OC_SetCompareCH1	16	static
../Drivers/STM32F1xx_HAL_Driver/Inc/stm32f1xx_ll_tim.h:2899:22:LL_TIM_DisableAllOutputs	16	static
../Drivers/STM32F1xx_HAL_Driver/Inc/stm32f1xx_ll_gpio.h:722:26:LL_GPIO_IsInputPinSet	16	static
../Core/Src/stm32f1xx_it.c:116:13:Melody_Start	16	static
../Core/Src/stm32f1xx_it.c:124:13:Melody_Poll	8	static
../Core/Src/stm32f1xx_it.c:142:13:Encoder_Step	16	static
../Core/Src/stm32f1xx_it.c:201:13:Button_Press	8	static
../Core/Src/stm32f1xx_it.c:242:13:Inputs_Poll	16	static
../Core/Src/stm32f1xx_it.c:300:13:Control_Loop	48	static
../Core/Src/stm32f1xx_it.c:456:6:NMI_Handler	4	static
../Core/Src/stm32f1xx_it.c:471:6:HardFault_Handler	8	static
../Core/Src/stm32f1xx_it.c:486:6:MemManage_Handler	4	static
../Core/Src/stm32f1xx_it.c:501:6:BusFault_Handler	4	static
../Core/Src/stm32f1xx_it.c:516:6:UsageFault_Handler	4	static
../Core/Src/stm32f1xx_it.c:531:6:SVC_Handler	4	static
../Core/Src/stm32f1xx_it.c:544:6:DebugMon_Handler	4	static
../Core/Src/stm32f1xx_it.c:557:6:PendSV_Handler	4	static
../Core/Src/stm32f1xx_it.c:570:6:SysTick_Handler	8	static
../Core/Src/stm32f1xx_it.c:646:6:DMA1_Channel1_IRQHandler	8	static
../Core/Src/stm32f1xx_it.c:690:6:EXTI15_10_IRQHandler	8	static
