../Drivers/STM32F1xx_HAL_Driver/Inc/stm32f1xx_ll_exti.h:774:26:LL_EXTI_IsActiveFlag_0_31	16	static
../Drivers/STM32F1xx_HAL_Driver/Inc/stm32f1xx_ll_exti.h:842:22:LL_EXTI_ClearFlag_0_31	16	static
../Drivers/STM32F1xx_HAL_Driver/Inc/stm32f1xx_ll_tim.h:1065:22:LL_TIM_DisableCounter	16	static
../Drivers/STM32F1xx_HAL_Driver/Inc/stm32f1xx_ll_tim.h:2047:22:LL_TIM_OC_SetCompareCH1	16	static
../Drivers/STM32F1xx_HAL_Driver/Inc/stm32f1xx_ll_tim.h:2899:22:LL_TIM_DisableAllOutputs	16	static
../Drivers/STM32F1xx_HAL_Driver/Inc/stm32f1xx_ll_gpio.h:722:26:LL_GPIO_IsInputPinSet	16	static
../Core/Src/stm32f1xx_it.c:81:13:Encoder_Step	16	static
../Core/Src/stm32f1xx_it.c:142:13:Button_Press	8	static
../Core/Src/stm32f1xx_it.c:181:13:Inputs_Poll	16	static
../Core/Src/stm32f1xx_it.c:231:13:Control_Loop	40	static
../Core/Src/stm32f1xx_it.c:315:6:NMI_Handler	4	static
../Core/Src/stm32f1xx_it.c:330:6:HardFault_Handler	8	static
../Core/Src/stm32f1xx_it.c:345:6:MemManage_Handler	4	static
../Core/Src/stm32f1xx_it.c:360:6:BusFault_Handler	4	static
../Core/Src/stm32f1xx_it.c:375:6:UsageFault_Handler	4	static
../Core/Src/stm32f1xx_it.c:390:6:SVC_Handler	4	static
../Core/Src/stm32f1xx_it.c:403:6:DebugMon_Handler	4	static
../Core/Src/stm32f1xx_it.c:416:6:PendSV_Handler	4	static
../Core/Src/stm32f1xx_it.c:429:6:SysTick_Handler	8	static
../Core/Src/stm32f1xx_it.c:484:6:DMA1_Channel1_IRQHandler	8	static
../Core/Src/stm32f1xx_it.c:526:6:EXTI15_10_IRQHandler	8	static
